<?xml version="1.0" encoding="ISO-8859-1" ?>
<link_info>
   <banner>TI ARM Clang Linker PC v3.2.1.LTS</banner>
   <copyright>Copyright (c) 1996-2018 Texas Instruments Incorporated</copyright>
   <link_time>0x662a9423</link_time>
   <link_errors>0x0</link_errors>
   <output_file>D:\more setups\MSPM0_ValvanoWare\MSPM0_ValvanoWare\ECE319K_Lab9H\Debug\ECE319K_Lab9H.out</output_file>
   <entry_point>
      <name>_c_int00_noargs</name>
      <address>0x194f5</address>
   </entry_point>
   <input_file_list>
      <input_file id="fl-1">
         <path>D:\more setups\MSPM0_ValvanoWare\MSPM0_ValvanoWare\ECE319K_Lab9H\Debug\.\</path>
         <kind>object</kind>
         <file>Clock.o</file>
         <name>Clock.o</name>
      </input_file>
      <input_file id="fl-2">
         <path>D:\more setups\MSPM0_ValvanoWare\MSPM0_ValvanoWare\ECE319K_Lab9H\Debug\.\</path>
         <kind>object</kind>
         <file>DAC5.o</file>
         <name>DAC5.o</name>
      </input_file>
      <input_file id="fl-3">
         <path>D:\more setups\MSPM0_ValvanoWare\MSPM0_ValvanoWare\ECE319K_Lab9H\Debug\.\</path>
         <kind>object</kind>
         <file>LED.o</file>
         <name>LED.o</name>
      </input_file>
      <input_file id="fl-4">
         <path>D:\more setups\MSPM0_ValvanoWare\MSPM0_ValvanoWare\ECE319K_Lab9H\Debug\.\</path>
         <kind>object</kind>
         <file>Lab9HMain.o</file>
         <name>Lab9HMain.o</name>
      </input_file>
      <input_file id="fl-5">
         <path>D:\more setups\MSPM0_ValvanoWare\MSPM0_ValvanoWare\ECE319K_Lab9H\Debug\.\</path>
         <kind>object</kind>
         <file>LaunchPad.o</file>
         <name>LaunchPad.o</name>
      </input_file>
      <input_file id="fl-6">
         <path>D:\more setups\MSPM0_ValvanoWare\MSPM0_ValvanoWare\ECE319K_Lab9H\Debug\.\</path>
         <kind>object</kind>
         <file>SPI.o</file>
         <name>SPI.o</name>
      </input_file>
      <input_file id="fl-7">
         <path>D:\more setups\MSPM0_ValvanoWare\MSPM0_ValvanoWare\ECE319K_Lab9H\Debug\.\</path>
         <kind>object</kind>
         <file>ST7735.o</file>
         <name>ST7735.o</name>
      </input_file>
      <input_file id="fl-8">
         <path>D:\more setups\MSPM0_ValvanoWare\MSPM0_ValvanoWare\ECE319K_Lab9H\Debug\.\</path>
         <kind>object</kind>
         <file>SlidePot.o</file>
         <name>SlidePot.o</name>
      </input_file>
      <input_file id="fl-9">
         <path>D:\more setups\MSPM0_ValvanoWare\MSPM0_ValvanoWare\ECE319K_Lab9H\Debug\.\</path>
         <kind>object</kind>
         <file>SmallFont.o</file>
         <name>SmallFont.o</name>
      </input_file>
      <input_file id="fl-a">
         <path>D:\more setups\MSPM0_ValvanoWare\MSPM0_ValvanoWare\ECE319K_Lab9H\Debug\.\</path>
         <kind>object</kind>
         <file>Sound.o</file>
         <name>Sound.o</name>
      </input_file>
      <input_file id="fl-b">
         <path>D:\more setups\MSPM0_ValvanoWare\MSPM0_ValvanoWare\ECE319K_Lab9H\Debug\.\</path>
         <kind>object</kind>
         <file>Switch.o</file>
         <name>Switch.o</name>
      </input_file>
      <input_file id="fl-c">
         <path>D:\more setups\MSPM0_ValvanoWare\MSPM0_ValvanoWare\ECE319K_Lab9H\Debug\.\</path>
         <kind>object</kind>
         <file>TExaS.o</file>
         <name>TExaS.o</name>
      </input_file>
      <input_file id="fl-d">
         <path>D:\more setups\MSPM0_ValvanoWare\MSPM0_ValvanoWare\ECE319K_Lab9H\Debug\.\</path>
         <kind>object</kind>
         <file>Timer.o</file>
         <name>Timer.o</name>
      </input_file>
      <input_file id="fl-e">
         <path>D:\more setups\MSPM0_ValvanoWare\MSPM0_ValvanoWare\ECE319K_Lab9H\Debug\.\images\pipedreams\</path>
         <kind>object</kind>
         <file>PipeSound.o</file>
         <name>PipeSound.o</name>
      </input_file>
      <input_file id="fl-f">
         <path>D:\more setups\MSPM0_ValvanoWare\MSPM0_ValvanoWare\ECE319K_Lab9H\Debug\.\ticlang\</path>
         <kind>object</kind>
         <file>startup_mspm0g3507_ticlang.o</file>
         <name>startup_mspm0g3507_ticlang.o</name>
      </input_file>
      <input_file id="fl-1b">
         <path>D:\more setups\MSPM0_ValvanoWare\MSPM0_ValvanoWare\ECE319K_Lab9H\Debug\</path>
         <kind>object</kind>
         <file>&lt;internal&gt;</file>
         <name>&lt;internal&gt;</name>
      </input_file>
      <input_file id="fl-2a">
         <path>D:\program files\ccs-studio\ccs\tools\compiler\ti-cgt-armllvm_3.2.1.LTS\lib\armv6m-ti-none-eabi\c\</path>
         <kind>archive</kind>
         <file>libc.a</file>
         <name>printf.c.obj</name>
      </input_file>
      <input_file id="fl-2b">
         <path>D:\program files\ccs-studio\ccs\tools\compiler\ti-cgt-armllvm_3.2.1.LTS\lib\armv6m-ti-none-eabi\c\</path>
         <kind>archive</kind>
         <file>libc.a</file>
         <name>_printfi.c.obj</name>
      </input_file>
      <input_file id="fl-2c">
         <path>D:\program files\ccs-studio\ccs\tools\compiler\ti-cgt-armllvm_3.2.1.LTS\lib\armv6m-ti-none-eabi\c\</path>
         <kind>archive</kind>
         <file>libc.a</file>
         <name>fopen.c.obj</name>
      </input_file>
      <input_file id="fl-2d">
         <path>D:\program files\ccs-studio\ccs\tools\compiler\ti-cgt-armllvm_3.2.1.LTS\lib\armv6m-ti-none-eabi\c\</path>
         <kind>archive</kind>
         <file>libc.a</file>
         <name>fputc.c.obj</name>
      </input_file>
      <input_file id="fl-2e">
         <path>D:\program files\ccs-studio\ccs\tools\compiler\ti-cgt-armllvm_3.2.1.LTS\lib\armv6m-ti-none-eabi\c\</path>
         <kind>archive</kind>
         <file>libc.a</file>
         <name>fputs.c.obj</name>
      </input_file>
      <input_file id="fl-2f">
         <path>D:\program files\ccs-studio\ccs\tools\compiler\ti-cgt-armllvm_3.2.1.LTS\lib\armv6m-ti-none-eabi\c\</path>
         <kind>archive</kind>
         <file>libc.a</file>
         <name>_io_perm.c.obj</name>
      </input_file>
      <input_file id="fl-30">
         <path>D:\program files\ccs-studio\ccs\tools\compiler\ti-cgt-armllvm_3.2.1.LTS\lib\armv6m-ti-none-eabi\c\</path>
         <kind>archive</kind>
         <file>libc.a</file>
         <name>setvbuf.c.obj</name>
      </input_file>
      <input_file id="fl-31">
         <path>D:\program files\ccs-studio\ccs\tools\compiler\ti-cgt-armllvm_3.2.1.LTS\lib\armv6m-ti-none-eabi\c\</path>
         <kind>archive</kind>
         <file>libc.a</file>
         <name>e_sqrt.c.obj</name>
      </input_file>
      <input_file id="fl-32">
         <path>D:\program files\ccs-studio\ccs\tools\compiler\ti-cgt-armllvm_3.2.1.LTS\lib\armv6m-ti-none-eabi\c\</path>
         <kind>archive</kind>
         <file>libc.a</file>
         <name>s_frexp.c.obj</name>
      </input_file>
      <input_file id="fl-33">
         <path>D:\program files\ccs-studio\ccs\tools\compiler\ti-cgt-armllvm_3.2.1.LTS\lib\armv6m-ti-none-eabi\c\</path>
         <kind>archive</kind>
         <file>libc.a</file>
         <name>s_scalbn.c.obj</name>
      </input_file>
      <input_file id="fl-34">
         <path>D:\program files\ccs-studio\ccs\tools\compiler\ti-cgt-armllvm_3.2.1.LTS\lib\armv6m-ti-none-eabi\c\</path>
         <kind>archive</kind>
         <file>libc.a</file>
         <name>aeabi_portable.c.obj</name>
      </input_file>
      <input_file id="fl-35">
         <path>D:\program files\ccs-studio\ccs\tools\compiler\ti-cgt-armllvm_3.2.1.LTS\lib\armv6m-ti-none-eabi\c\</path>
         <kind>archive</kind>
         <file>libc.a</file>
         <name>exit.c.obj</name>
      </input_file>
      <input_file id="fl-36">
         <path>D:\program files\ccs-studio\ccs\tools\compiler\ti-cgt-armllvm_3.2.1.LTS\lib\armv6m-ti-none-eabi\c\</path>
         <kind>archive</kind>
         <file>libc.a</file>
         <name>_lock.c.obj</name>
      </input_file>
      <input_file id="fl-37">
         <path>D:\program files\ccs-studio\ccs\tools\compiler\ti-cgt-armllvm_3.2.1.LTS\lib\armv6m-ti-none-eabi\c\</path>
         <kind>archive</kind>
         <file>libc.a</file>
         <name>_ltoa.c.obj</name>
      </input_file>
      <input_file id="fl-38">
         <path>D:\program files\ccs-studio\ccs\tools\compiler\ti-cgt-armllvm_3.2.1.LTS\lib\armv6m-ti-none-eabi\c\</path>
         <kind>archive</kind>
         <file>libc.a</file>
         <name>assert.c.obj</name>
      </input_file>
      <input_file id="fl-39">
         <path>D:\program files\ccs-studio\ccs\tools\compiler\ti-cgt-armllvm_3.2.1.LTS\lib\armv6m-ti-none-eabi\c\</path>
         <kind>archive</kind>
         <file>libc.a</file>
         <name>atoi.c.obj</name>
      </input_file>
      <input_file id="fl-3a">
         <path>D:\program files\ccs-studio\ccs\tools\compiler\ti-cgt-armllvm_3.2.1.LTS\lib\armv6m-ti-none-eabi\c\</path>
         <kind>archive</kind>
         <file>libc.a</file>
         <name>defs.c.obj</name>
      </input_file>
      <input_file id="fl-3b">
         <path>D:\program files\ccs-studio\ccs\tools\compiler\ti-cgt-armllvm_3.2.1.LTS\lib\armv6m-ti-none-eabi\c\</path>
         <kind>archive</kind>
         <file>libc.a</file>
         <name>memccpy.c.obj</name>
      </input_file>
      <input_file id="fl-3c">
         <path>D:\program files\ccs-studio\ccs\tools\compiler\ti-cgt-armllvm_3.2.1.LTS\lib\armv6m-ti-none-eabi\c\</path>
         <kind>archive</kind>
         <file>libc.a</file>
         <name>memory.c.obj</name>
      </input_file>
      <input_file id="fl-3d">
         <path>D:\program files\ccs-studio\ccs\tools\compiler\ti-cgt-armllvm_3.2.1.LTS\lib\armv6m-ti-none-eabi\c\</path>
         <kind>archive</kind>
         <file>libc.a</file>
         <name>abs.c.obj</name>
      </input_file>
      <input_file id="fl-3e">
         <path>D:\program files\ccs-studio\ccs\tools\compiler\ti-cgt-armllvm_3.2.1.LTS\lib\armv6m-ti-none-eabi\c\</path>
         <kind>archive</kind>
         <file>libc.a</file>
         <name>copy_zero_init.c.obj</name>
      </input_file>
      <input_file id="fl-3f">
         <path>D:\program files\ccs-studio\ccs\tools\compiler\ti-cgt-armllvm_3.2.1.LTS\lib\armv6m-ti-none-eabi\c\</path>
         <kind>archive</kind>
         <file>libc.a</file>
         <name>copy_decompress_none.c.obj</name>
      </input_file>
      <input_file id="fl-40">
         <path>D:\program files\ccs-studio\ccs\tools\compiler\ti-cgt-armllvm_3.2.1.LTS\lib\armv6m-ti-none-eabi\c\</path>
         <kind>archive</kind>
         <file>libc.a</file>
         <name>copy_decompress_lzss.c.obj</name>
      </input_file>
      <input_file id="fl-41">
         <path>D:\program files\ccs-studio\ccs\tools\compiler\ti-cgt-armllvm_3.2.1.LTS\lib\armv6m-ti-none-eabi\c\</path>
         <kind>archive</kind>
         <file>libc.a</file>
         <name>boot_cortex_m.c.obj</name>
      </input_file>
      <input_file id="fl-42">
         <path>D:\program files\ccs-studio\ccs\tools\compiler\ti-cgt-armllvm_3.2.1.LTS\lib\armv6m-ti-none-eabi\c\</path>
         <kind>archive</kind>
         <file>libc.a</file>
         <name>mathacl_init.c.obj</name>
      </input_file>
      <input_file id="fl-43">
         <path>D:\program files\ccs-studio\ccs\tools\compiler\ti-cgt-armllvm_3.2.1.LTS\lib\armv6m-ti-none-eabi\c\</path>
         <kind>archive</kind>
         <file>libc.a</file>
         <name>wcslen.c.obj</name>
      </input_file>
      <input_file id="fl-44">
         <path>D:\program files\ccs-studio\ccs\tools\compiler\ti-cgt-armllvm_3.2.1.LTS\lib\armv6m-ti-none-eabi\c\</path>
         <kind>archive</kind>
         <file>libc.a</file>
         <name>sprintf.c.obj</name>
      </input_file>
      <input_file id="fl-45">
         <path>D:\program files\ccs-studio\ccs\tools\compiler\ti-cgt-armllvm_3.2.1.LTS\lib\armv6m-ti-none-eabi\c\</path>
         <kind>archive</kind>
         <file>libc.a</file>
         <name>fclose.c.obj</name>
      </input_file>
      <input_file id="fl-46">
         <path>D:\program files\ccs-studio\ccs\tools\compiler\ti-cgt-armllvm_3.2.1.LTS\lib\armv6m-ti-none-eabi\c\</path>
         <kind>archive</kind>
         <file>libc.a</file>
         <name>fflush.c.obj</name>
      </input_file>
      <input_file id="fl-47">
         <path>D:\program files\ccs-studio\ccs\tools\compiler\ti-cgt-armllvm_3.2.1.LTS\lib\armv6m-ti-none-eabi\c\</path>
         <kind>archive</kind>
         <file>libc.a</file>
         <name>fseek.c.obj</name>
      </input_file>
      <input_file id="fl-48">
         <path>D:\program files\ccs-studio\ccs\tools\compiler\ti-cgt-armllvm_3.2.1.LTS\lib\armv6m-ti-none-eabi\c\</path>
         <kind>archive</kind>
         <file>libc.a</file>
         <name>aeabi_ctype.S.obj</name>
      </input_file>
      <input_file id="fl-49">
         <path>D:\program files\ccs-studio\ccs\tools\compiler\ti-cgt-armllvm_3.2.1.LTS\lib\armv6m-ti-none-eabi\c\</path>
         <kind>archive</kind>
         <file>libc.a</file>
         <name>args_main.c.obj</name>
      </input_file>
      <input_file id="fl-4a">
         <path>D:\program files\ccs-studio\ccs\tools\compiler\ti-cgt-armllvm_3.2.1.LTS\lib\armv6m-ti-none-eabi\c\</path>
         <kind>archive</kind>
         <file>libc.a</file>
         <name>autoinit.c.obj</name>
      </input_file>
      <input_file id="fl-4b">
         <path>D:\program files\ccs-studio\ccs\tools\compiler\ti-cgt-armllvm_3.2.1.LTS\lib\armv6m-ti-none-eabi\c\</path>
         <kind>archive</kind>
         <file>libc.a</file>
         <name>pre_init.c.obj</name>
      </input_file>
      <input_file id="fl-4c">
         <path>D:\program files\ccs-studio\ccs\tools\compiler\ti-cgt-armllvm_3.2.1.LTS\lib\armv6m-ti-none-eabi\c\</path>
         <kind>archive</kind>
         <file>libc.a</file>
         <name>cpy_tbl.c.obj</name>
      </input_file>
      <input_file id="fl-b2">
         <path>D:\program files\ccs-studio\ccs\tools\compiler\ti-cgt-armllvm_3.2.1.LTS\lib\armv6m-ti-none-eabi\c\</path>
         <kind>archive</kind>
         <file>libsysbm.a</file>
         <name>write.c.obj</name>
      </input_file>
      <input_file id="fl-b3">
         <path>D:\program files\ccs-studio\ccs\tools\compiler\ti-cgt-armllvm_3.2.1.LTS\lib\armv6m-ti-none-eabi\c\</path>
         <kind>archive</kind>
         <file>libsysbm.a</file>
         <name>host_device.c.obj</name>
      </input_file>
      <input_file id="fl-b4">
         <path>D:\program files\ccs-studio\ccs\tools\compiler\ti-cgt-armllvm_3.2.1.LTS\lib\armv6m-ti-none-eabi\c\</path>
         <kind>archive</kind>
         <file>libsysbm.a</file>
         <name>remove.c.obj</name>
      </input_file>
      <input_file id="fl-b5">
         <path>D:\program files\ccs-studio\ccs\tools\compiler\ti-cgt-armllvm_3.2.1.LTS\lib\armv6m-ti-none-eabi\c\</path>
         <kind>archive</kind>
         <file>libsysbm.a</file>
         <name>open.c.obj</name>
      </input_file>
      <input_file id="fl-b6">
         <path>D:\program files\ccs-studio\ccs\tools\compiler\ti-cgt-armllvm_3.2.1.LTS\lib\armv6m-ti-none-eabi\c\</path>
         <kind>archive</kind>
         <file>libsysbm.a</file>
         <name>lseek.c.obj</name>
      </input_file>
      <input_file id="fl-b7">
         <path>D:\program files\ccs-studio\ccs\tools\compiler\ti-cgt-armllvm_3.2.1.LTS\lib\armv6m-ti-none-eabi\c\</path>
         <kind>archive</kind>
         <file>libsysbm.a</file>
         <name>close.c.obj</name>
      </input_file>
      <input_file id="fl-b8">
         <path>D:\program files\ccs-studio\ccs\tools\compiler\ti-cgt-armllvm_3.2.1.LTS\lib\armv6m-ti-none-eabi\c\</path>
         <kind>archive</kind>
         <file>libsysbm.a</file>
         <name>add_device.c.obj</name>
      </input_file>
      <input_file id="fl-b9">
         <path>D:\program files\ccs-studio\ccs\tools\compiler\ti-cgt-armllvm_3.2.1.LTS\lib\armv6m-ti-none-eabi\c\</path>
         <kind>archive</kind>
         <file>libsysbm.a</file>
         <name>unlink.c.obj</name>
      </input_file>
      <input_file id="fl-ba">
         <path>D:\program files\ccs-studio\ccs\tools\compiler\ti-cgt-armllvm_3.2.1.LTS\lib\armv6m-ti-none-eabi\c\</path>
         <kind>archive</kind>
         <file>libsysbm.a</file>
         <name>hostclose.c.obj</name>
      </input_file>
      <input_file id="fl-bb">
         <path>D:\program files\ccs-studio\ccs\tools\compiler\ti-cgt-armllvm_3.2.1.LTS\lib\armv6m-ti-none-eabi\c\</path>
         <kind>archive</kind>
         <file>libsysbm.a</file>
         <name>hostlseek.c.obj</name>
      </input_file>
      <input_file id="fl-bc">
         <path>D:\program files\ccs-studio\ccs\tools\compiler\ti-cgt-armllvm_3.2.1.LTS\lib\armv6m-ti-none-eabi\c\</path>
         <kind>archive</kind>
         <file>libsysbm.a</file>
         <name>hostopen.c.obj</name>
      </input_file>
      <input_file id="fl-bd">
         <path>D:\program files\ccs-studio\ccs\tools\compiler\ti-cgt-armllvm_3.2.1.LTS\lib\armv6m-ti-none-eabi\c\</path>
         <kind>archive</kind>
         <file>libsysbm.a</file>
         <name>hostread.c.obj</name>
      </input_file>
      <input_file id="fl-be">
         <path>D:\program files\ccs-studio\ccs\tools\compiler\ti-cgt-armllvm_3.2.1.LTS\lib\armv6m-ti-none-eabi\c\</path>
         <kind>archive</kind>
         <file>libsysbm.a</file>
         <name>hostrename.c.obj</name>
      </input_file>
      <input_file id="fl-bf">
         <path>D:\program files\ccs-studio\ccs\tools\compiler\ti-cgt-armllvm_3.2.1.LTS\lib\armv6m-ti-none-eabi\c\</path>
         <kind>archive</kind>
         <file>libsysbm.a</file>
         <name>hostunlink.c.obj</name>
      </input_file>
      <input_file id="fl-c0">
         <path>D:\program files\ccs-studio\ccs\tools\compiler\ti-cgt-armllvm_3.2.1.LTS\lib\armv6m-ti-none-eabi\c\</path>
         <kind>archive</kind>
         <file>libsysbm.a</file>
         <name>hostwrite.c.obj</name>
      </input_file>
      <input_file id="fl-c1">
         <path>D:\program files\ccs-studio\ccs\tools\compiler\ti-cgt-armllvm_3.2.1.LTS\lib\armv6m-ti-none-eabi\c\</path>
         <kind>archive</kind>
         <file>libsysbm.a</file>
         <name>trgmsg.c.obj</name>
      </input_file>
      <input_file id="fl-c2">
         <path>D:\program files\ccs-studio\ccs\tools\compiler\ti-cgt-armllvm_3.2.1.LTS\lib\clang\15.0.7\lib\armv6m-ti-none-eabi\</path>
         <kind>archive</kind>
         <file>libclang_rt.builtins.a</file>
         <name>adddf3.S.obj</name>
      </input_file>
      <input_file id="fl-c3">
         <path>D:\program files\ccs-studio\ccs\tools\compiler\ti-cgt-armllvm_3.2.1.LTS\lib\clang\15.0.7\lib\armv6m-ti-none-eabi\</path>
         <kind>archive</kind>
         <file>libclang_rt.builtins.a</file>
         <name>muldf3.S.obj</name>
      </input_file>
      <input_file id="fl-c4">
         <path>D:\program files\ccs-studio\ccs\tools\compiler\ti-cgt-armllvm_3.2.1.LTS\lib\clang\15.0.7\lib\armv6m-ti-none-eabi\</path>
         <kind>archive</kind>
         <file>libclang_rt.builtins.a</file>
         <name>muldsi3.S.obj</name>
      </input_file>
      <input_file id="fl-c5">
         <path>D:\program files\ccs-studio\ccs\tools\compiler\ti-cgt-armllvm_3.2.1.LTS\lib\clang\15.0.7\lib\armv6m-ti-none-eabi\</path>
         <kind>archive</kind>
         <file>libclang_rt.builtins.a</file>
         <name>divdf3.S.obj</name>
      </input_file>
      <input_file id="fl-c6">
         <path>D:\program files\ccs-studio\ccs\tools\compiler\ti-cgt-armllvm_3.2.1.LTS\lib\clang\15.0.7\lib\armv6m-ti-none-eabi\</path>
         <kind>archive</kind>
         <file>libclang_rt.builtins.a</file>
         <name>fixdfsi.S.obj</name>
      </input_file>
      <input_file id="fl-c7">
         <path>D:\program files\ccs-studio\ccs\tools\compiler\ti-cgt-armllvm_3.2.1.LTS\lib\clang\15.0.7\lib\armv6m-ti-none-eabi\</path>
         <kind>archive</kind>
         <file>libclang_rt.builtins.a</file>
         <name>fixunsdfsi.S.obj</name>
      </input_file>
      <input_file id="fl-c8">
         <path>D:\program files\ccs-studio\ccs\tools\compiler\ti-cgt-armllvm_3.2.1.LTS\lib\clang\15.0.7\lib\armv6m-ti-none-eabi\</path>
         <kind>archive</kind>
         <file>libclang_rt.builtins.a</file>
         <name>floatsidf.S.obj</name>
      </input_file>
      <input_file id="fl-c9">
         <path>D:\program files\ccs-studio\ccs\tools\compiler\ti-cgt-armllvm_3.2.1.LTS\lib\clang\15.0.7\lib\armv6m-ti-none-eabi\</path>
         <kind>archive</kind>
         <file>libclang_rt.builtins.a</file>
         <name>floatunsidf.S.obj</name>
      </input_file>
      <input_file id="fl-ca">
         <path>D:\program files\ccs-studio\ccs\tools\compiler\ti-cgt-armllvm_3.2.1.LTS\lib\clang\15.0.7\lib\armv6m-ti-none-eabi\</path>
         <kind>archive</kind>
         <file>libclang_rt.builtins.a</file>
         <name>muldi3.S.obj</name>
      </input_file>
      <input_file id="fl-cb">
         <path>D:\program files\ccs-studio\ccs\tools\compiler\ti-cgt-armllvm_3.2.1.LTS\lib\clang\15.0.7\lib\armv6m-ti-none-eabi\</path>
         <kind>archive</kind>
         <file>libclang_rt.builtins.a</file>
         <name>truncdfsf2.S.obj</name>
      </input_file>
      <input_file id="fl-cc">
         <path>D:\program files\ccs-studio\ccs\tools\compiler\ti-cgt-armllvm_3.2.1.LTS\lib\clang\15.0.7\lib\armv6m-ti-none-eabi\</path>
         <kind>archive</kind>
         <file>libclang_rt.builtins.a</file>
         <name>aeabi_dcmp.S.obj</name>
      </input_file>
      <input_file id="fl-cd">
         <path>D:\program files\ccs-studio\ccs\tools\compiler\ti-cgt-armllvm_3.2.1.LTS\lib\clang\15.0.7\lib\armv6m-ti-none-eabi\</path>
         <kind>archive</kind>
         <file>libclang_rt.builtins.a</file>
         <name>aeabi_idivmod.S.obj</name>
      </input_file>
      <input_file id="fl-ce">
         <path>D:\program files\ccs-studio\ccs\tools\compiler\ti-cgt-armllvm_3.2.1.LTS\lib\clang\15.0.7\lib\armv6m-ti-none-eabi\</path>
         <kind>archive</kind>
         <file>libclang_rt.builtins.a</file>
         <name>aeabi_memcpy.S.obj</name>
      </input_file>
      <input_file id="fl-cf">
         <path>D:\program files\ccs-studio\ccs\tools\compiler\ti-cgt-armllvm_3.2.1.LTS\lib\clang\15.0.7\lib\armv6m-ti-none-eabi\</path>
         <kind>archive</kind>
         <file>libclang_rt.builtins.a</file>
         <name>aeabi_memset.S.obj</name>
      </input_file>
      <input_file id="fl-d0">
         <path>D:\program files\ccs-studio\ccs\tools\compiler\ti-cgt-armllvm_3.2.1.LTS\lib\clang\15.0.7\lib\armv6m-ti-none-eabi\</path>
         <kind>archive</kind>
         <file>libclang_rt.builtins.a</file>
         <name>aeabi_uidivmod.S.obj</name>
      </input_file>
      <input_file id="fl-d1">
         <path>D:\program files\ccs-studio\ccs\tools\compiler\ti-cgt-armllvm_3.2.1.LTS\lib\clang\15.0.7\lib\armv6m-ti-none-eabi\</path>
         <kind>archive</kind>
         <file>libclang_rt.builtins.a</file>
         <name>aeabi_uldivmod.S.obj</name>
      </input_file>
      <input_file id="fl-d2">
         <path>D:\program files\ccs-studio\ccs\tools\compiler\ti-cgt-armllvm_3.2.1.LTS\lib\clang\15.0.7\lib\armv6m-ti-none-eabi\</path>
         <kind>archive</kind>
         <file>libclang_rt.builtins.a</file>
         <name>udivmoddi4.S.obj</name>
      </input_file>
      <input_file id="fl-d3">
         <path>D:\program files\ccs-studio\ccs\tools\compiler\ti-cgt-armllvm_3.2.1.LTS\lib\clang\15.0.7\lib\armv6m-ti-none-eabi\</path>
         <kind>archive</kind>
         <file>libclang_rt.builtins.a</file>
         <name>ashldi3.S.obj</name>
      </input_file>
      <input_file id="fl-d4">
         <path>D:\program files\ccs-studio\ccs\tools\compiler\ti-cgt-armllvm_3.2.1.LTS\lib\clang\15.0.7\lib\armv6m-ti-none-eabi\</path>
         <kind>archive</kind>
         <file>libclang_rt.builtins.a</file>
         <name>comparedf2.c.obj</name>
      </input_file>
      <input_file id="fl-d5">
         <path>D:\program files\ccs-studio\ccs\tools\compiler\ti-cgt-armllvm_3.2.1.LTS\lib\clang\15.0.7\lib\armv6m-ti-none-eabi\</path>
         <kind>archive</kind>
         <file>libclang_rt.builtins.a</file>
         <name>aeabi_div0.c.obj</name>
      </input_file>
      <input_file id="fl-d6">
         <path>D:\program files\ccs-studio\ccs\tools\compiler\ti-cgt-armllvm_3.2.1.LTS\lib\armv6m-ti-none-eabi\c\</path>
         <kind>archive</kind>
         <file>libc.a</file>
         <name>getdevice.c.obj</name>
      </input_file>
      <input_file id="fl-d7">
         <path>D:\program files\ccs-studio\ccs\tools\compiler\ti-cgt-armllvm_3.2.1.LTS\lib\armv6m-ti-none-eabi\c\</path>
         <kind>archive</kind>
         <file>libc.a</file>
         <name>memcpy16.S.obj</name>
      </input_file>
      <input_file id="fl-d8">
         <path>D:\program files\ccs-studio\ccs\tools\compiler\ti-cgt-armllvm_3.2.1.LTS\lib\armv6m-ti-none-eabi\c\</path>
         <kind>archive</kind>
         <file>libc.a</file>
         <name>memset16.S.obj</name>
      </input_file>
   </input_file_list>
   <object_component_list>
      <object_component id="oc-18">
         <name>.intvecs</name>
         <load_address>0x0</load_address>
         <readonly>true</readonly>
         <run_address>0x0</run_address>
         <size>0xc0</size>
         <alignment>0x4</alignment>
         <input_file_ref idref="fl-f"/>
      </object_component>
      <object_component id="oc-f5">
         <name>.text._Z12selectplayerv</name>
         <load_address>0x15860</load_address>
         <readonly>true</readonly>
         <executable>true</executable>
         <run_address>0x15860</run_address>
         <size>0x80c</size>
         <alignment>0x4</alignment>
         <input_file_ref idref="fl-4"/>
      </object_component>
      <object_component id="oc-b0">
         <name>.text.main</name>
         <load_address>0x1606c</load_address>
         <readonly>true</readonly>
         <executable>true</executable>
         <run_address>0x1606c</run_address>
         <size>0x5ac</size>
         <alignment>0x4</alignment>
         <input_file_ref idref="fl-4"/>
      </object_component>
      <object_component id="oc-140">
         <name>.text:__TI_printfi_minimal</name>
         <load_address>0x16618</load_address>
         <readonly>true</readonly>
         <executable>true</executable>
         <run_address>0x16618</run_address>
         <size>0x284</size>
         <alignment>0x4</alignment>
         <input_file_ref idref="fl-2b"/>
      </object_component>
      <object_component id="oc-110">
         <name>.text._Z17ST7735_DrawBitmapssPKtss</name>
         <load_address>0x1689c</load_address>
         <readonly>true</readonly>
         <executable>true</executable>
         <run_address>0x1689c</run_address>
         <size>0x210</size>
         <alignment>0x4</alignment>
         <input_file_ref idref="fl-7"/>
      </object_component>
      <object_component id="oc-164">
         <name>.text._Z15Clock_Init80MHzi</name>
         <load_address>0x16aac</load_address>
         <readonly>true</readonly>
         <executable>true</executable>
         <run_address>0x16aac</run_address>
         <size>0x1b4</size>
         <alignment>0x4</alignment>
         <input_file_ref idref="fl-1"/>
      </object_component>
      <object_component id="oc-42">
         <name>.text.TIMG12_IRQHandler</name>
         <load_address>0x16c60</load_address>
         <readonly>true</readonly>
         <executable>true</executable>
         <run_address>0x16c60</run_address>
         <size>0x1a0</size>
         <alignment>0x4</alignment>
         <input_file_ref idref="fl-4"/>
      </object_component>
      <object_component id="oc-2a9">
         <name>.text._Z16ST7735_DrawCharSsscssh</name>
         <load_address>0x16e00</load_address>
         <readonly>true</readonly>
         <executable>true</executable>
         <run_address>0x16e00</run_address>
         <size>0x1a0</size>
         <alignment>0x4</alignment>
         <input_file_ref idref="fl-7"/>
      </object_component>
      <object_component id="oc-19f">
         <name>.text.adddf3_subdf3</name>
         <load_address>0x16fa0</load_address>
         <readonly>true</readonly>
         <executable>true</executable>
         <run_address>0x16fa0</run_address>
         <size>0x192</size>
         <alignment>0x4</alignment>
         <input_file_ref idref="fl-c2"/>
      </object_component>
      <object_component id="oc-194">
         <name>.text.__aeabi_idiv0</name>
         <load_address>0x17132</load_address>
         <readonly>true</readonly>
         <executable>true</executable>
         <run_address>0x17132</run_address>
         <size>0x2</size>
         <alignment>0x2</alignment>
         <input_file_ref idref="fl-d5"/>
      </object_component>
      <object_component id="oc-108">
         <name>.text.sqrt</name>
         <load_address>0x17134</load_address>
         <readonly>true</readonly>
         <executable>true</executable>
         <run_address>0x17134</run_address>
         <size>0x184</size>
         <alignment>0x4</alignment>
         <input_file_ref idref="fl-31"/>
      </object_component>
      <object_component id="oc-20d">
         <name>.text._openfile</name>
         <load_address>0x172b8</load_address>
         <readonly>true</readonly>
         <executable>true</executable>
         <run_address>0x172b8</run_address>
         <size>0x160</size>
         <alignment>0x4</alignment>
         <input_file_ref idref="fl-2c"/>
      </object_component>
      <object_component id="oc-2a7">
         <name>.text.aligned_alloc</name>
         <load_address>0x17418</load_address>
         <readonly>true</readonly>
         <executable>true</executable>
         <run_address>0x17418</run_address>
         <size>0x12c</size>
         <alignment>0x4</alignment>
         <input_file_ref idref="fl-3c"/>
      </object_component>
      <object_component id="oc-c9">
         <name>.text._Z15ST7735_FillRectsssst</name>
         <load_address>0x17544</load_address>
         <readonly>true</readonly>
         <executable>true</executable>
         <run_address>0x17544</run_address>
         <size>0x118</size>
         <alignment>0x4</alignment>
         <input_file_ref idref="fl-7"/>
      </object_component>
      <object_component id="oc-ed">
         <name>.text._ZN8SlidePot12ADC_InitDualEjjj</name>
         <load_address>0x1765c</load_address>
         <readonly>true</readonly>
         <executable>true</executable>
         <run_address>0x1765c</run_address>
         <size>0x114</size>
         <alignment>0x4</alignment>
         <input_file_ref idref="fl-8"/>
      </object_component>
      <object_component id="oc-ee">
         <name>.text._ZN8SlidePot13ADC0_InitDualEjjj</name>
         <load_address>0x17770</load_address>
         <readonly>true</readonly>
         <executable>true</executable>
         <run_address>0x17770</run_address>
         <size>0x114</size>
         <alignment>0x4</alignment>
         <input_file_ref idref="fl-8"/>
      </object_component>
      <object_component id="oc-151">
         <name>.text.fputs</name>
         <load_address>0x17884</load_address>
         <readonly>true</readonly>
         <executable>true</executable>
         <run_address>0x17884</run_address>
         <size>0x104</size>
         <alignment>0x4</alignment>
         <input_file_ref idref="fl-2e"/>
      </object_component>
      <object_component id="oc-26f">
         <name>.text._Z8SPI_Initv</name>
         <load_address>0x17988</load_address>
         <readonly>true</readonly>
         <executable>true</executable>
         <run_address>0x17988</run_address>
         <size>0xf8</size>
         <alignment>0x4</alignment>
         <input_file_ref idref="fl-6"/>
      </object_component>
      <object_component id="oc-16d">
         <name>.text.add_device</name>
         <load_address>0x17a80</load_address>
         <readonly>true</readonly>
         <executable>true</executable>
         <run_address>0x17a80</run_address>
         <size>0xec</size>
         <alignment>0x4</alignment>
         <input_file_ref idref="fl-b8"/>
      </object_component>
      <object_component id="oc-216">
         <name>.text.free</name>
         <load_address>0x17b6c</load_address>
         <readonly>true</readonly>
         <executable>true</executable>
         <run_address>0x17b6c</run_address>
         <size>0xec</size>
         <alignment>0x4</alignment>
         <input_file_ref idref="fl-3c"/>
      </object_component>
      <object_component id="oc-19b">
         <name>.text.__muldf3</name>
         <load_address>0x17c58</load_address>
         <readonly>true</readonly>
         <executable>true</executable>
         <run_address>0x17c58</run_address>
         <size>0xe4</size>
         <alignment>0x4</alignment>
         <input_file_ref idref="fl-c3"/>
      </object_component>
      <object_component id="oc-178">
         <name>.text.setvbuf</name>
         <load_address>0x17d3c</load_address>
         <readonly>true</readonly>
         <executable>true</executable>
         <run_address>0x17d3c</run_address>
         <size>0xdc</size>
         <alignment>0x4</alignment>
         <input_file_ref idref="fl-30"/>
      </object_component>
      <object_component id="oc-21d">
         <name>.text._Z14ST7735_OutCharc</name>
         <load_address>0x17e18</load_address>
         <readonly>true</readonly>
         <executable>true</executable>
         <run_address>0x17e18</run_address>
         <size>0xd0</size>
         <alignment>0x4</alignment>
         <input_file_ref idref="fl-7"/>
      </object_component>
      <object_component id="oc-137">
         <name>.text._Z11Sound_Startj</name>
         <load_address>0x17ee8</load_address>
         <readonly>true</readonly>
         <executable>true</executable>
         <run_address>0x17ee8</run_address>
         <size>0xcc</size>
         <alignment>0x4</alignment>
         <input_file_ref idref="fl-a"/>
      </object_component>
      <object_component id="oc-f4">
         <name>.text._Z14startingscreenv</name>
         <load_address>0x17fb4</load_address>
         <readonly>true</readonly>
         <executable>true</executable>
         <run_address>0x17fb4</run_address>
         <size>0xb8</size>
         <alignment>0x4</alignment>
         <input_file_ref idref="fl-4"/>
      </object_component>
      <object_component id="oc-295">
         <name>.text.open</name>
         <load_address>0x1806c</load_address>
         <readonly>true</readonly>
         <executable>true</executable>
         <run_address>0x1806c</run_address>
         <size>0xa8</size>
         <alignment>0x4</alignment>
         <input_file_ref idref="fl-b5"/>
      </object_component>
      <object_component id="oc-1f9">
         <name>.text._ZL11commandListPKh</name>
         <load_address>0x18114</load_address>
         <readonly>true</readonly>
         <executable>true</executable>
         <run_address>0x18114</run_address>
         <size>0xa2</size>
         <alignment>0x2</alignment>
         <input_file_ref idref="fl-7"/>
      </object_component>
      <object_component id="oc-148">
         <name>.text._nop</name>
         <load_address>0x181b6</load_address>
         <readonly>true</readonly>
         <executable>true</executable>
         <run_address>0x181b6</run_address>
         <size>0x2</size>
         <alignment>0x2</alignment>
         <input_file_ref idref="fl-36"/>
      </object_component>
      <object_component id="oc-ea">
         <name>.text._Z17ST7735_InitPrintfv</name>
         <load_address>0x181b8</load_address>
         <readonly>true</readonly>
         <executable>true</executable>
         <run_address>0x181b8</run_address>
         <size>0x9c</size>
         <alignment>0x4</alignment>
         <input_file_ref idref="fl-7"/>
      </object_component>
      <object_component id="oc-157">
         <name>.text.fputc</name>
         <load_address>0x18254</load_address>
         <readonly>true</readonly>
         <executable>true</executable>
         <run_address>0x18254</run_address>
         <size>0x9c</size>
         <alignment>0x4</alignment>
         <input_file_ref idref="fl-2d"/>
      </object_component>
      <object_component id="oc-16c">
         <name>.text._Z12ST7735_InitR10initRFlags</name>
         <load_address>0x182f0</load_address>
         <readonly>true</readonly>
         <executable>true</executable>
         <run_address>0x182f0</run_address>
         <size>0x98</size>
         <alignment>0x4</alignment>
         <input_file_ref idref="fl-7"/>
      </object_component>
      <object_component id="oc-ef">
         <name>.text._Z15TimerG12_IntArmjj</name>
         <load_address>0x18388</load_address>
         <readonly>true</readonly>
         <executable>true</executable>
         <run_address>0x18388</run_address>
         <size>0x94</size>
         <alignment>0x4</alignment>
         <input_file_ref idref="fl-d"/>
      </object_component>
      <object_component id="oc-82">
         <name>.text._Z6attackv</name>
         <load_address>0x1841c</load_address>
         <readonly>true</readonly>
         <executable>true</executable>
         <run_address>0x1841c</run_address>
         <size>0x88</size>
         <alignment>0x4</alignment>
         <input_file_ref idref="fl-4"/>
      </object_component>
      <object_component id="oc-13a">
         <name>.text._ZL13setAddrWindowhhhh</name>
         <load_address>0x184a4</load_address>
         <readonly>true</readonly>
         <executable>true</executable>
         <run_address>0x184a4</run_address>
         <size>0x88</size>
         <alignment>0x4</alignment>
         <input_file_ref idref="fl-7"/>
      </object_component>
      <object_component id="oc-2a8">
         <name>.text._Z17ST7735_DrawStringttPcs</name>
         <load_address>0x1852c</load_address>
         <readonly>true</readonly>
         <executable>true</executable>
         <run_address>0x1852c</run_address>
         <size>0x84</size>
         <alignment>0x2</alignment>
         <input_file_ref idref="fl-7"/>
      </object_component>
      <object_component id="oc-c1">
         <name>.text._Z9Switch_Inv</name>
         <load_address>0x185b0</load_address>
         <readonly>true</readonly>
         <executable>true</executable>
         <run_address>0x185b0</run_address>
         <size>0x84</size>
         <alignment>0x4</alignment>
         <input_file_ref idref="fl-b"/>
      </object_component>
      <object_component id="oc-e5">
         <name>.text._Z14LaunchPad_Initv</name>
         <load_address>0x18634</load_address>
         <readonly>true</readonly>
         <executable>true</executable>
         <run_address>0x18634</run_address>
         <size>0x7c</size>
         <alignment>0x4</alignment>
         <input_file_ref idref="fl-5"/>
      </object_component>
      <object_component id="oc-210">
         <name>.text.__TI_closefile</name>
         <load_address>0x186b0</load_address>
         <readonly>true</readonly>
         <executable>true</executable>
         <run_address>0x186b0</run_address>
         <size>0x7c</size>
         <alignment>0x4</alignment>
         <input_file_ref idref="fl-45"/>
      </object_component>
      <object_component id="oc-1c">
         <name>.text:decompress:lzss</name>
         <load_address>0x1872c</load_address>
         <readonly>true</readonly>
         <executable>true</executable>
         <run_address>0x1872c</run_address>
         <size>0x78</size>
         <alignment>0x4</alignment>
         <input_file_ref idref="fl-40"/>
      </object_component>
      <object_component id="oc-2f8">
         <name>.text._Z16ST7735_DrawPixelsst</name>
         <load_address>0x187a4</load_address>
         <readonly>true</readonly>
         <executable>true</executable>
         <run_address>0x187a4</run_address>
         <size>0x70</size>
         <alignment>0x4</alignment>
         <input_file_ref idref="fl-7"/>
      </object_component>
      <object_component id="oc-283">
         <name>.text.HOSTlseek</name>
         <load_address>0x18814</load_address>
         <readonly>true</readonly>
         <executable>true</executable>
         <run_address>0x18814</run_address>
         <size>0x6c</size>
         <alignment>0x4</alignment>
         <input_file_ref idref="fl-bb"/>
      </object_component>
      <object_component id="oc-28b">
         <name>.text.HOSTrename</name>
         <load_address>0x18880</load_address>
         <readonly>true</readonly>
         <executable>true</executable>
         <run_address>0x18880</run_address>
         <size>0x6c</size>
         <alignment>0x4</alignment>
         <input_file_ref idref="fl-be"/>
      </object_component>
      <object_component id="oc-2c3">
         <name>.text.fseeko</name>
         <load_address>0x188ec</load_address>
         <readonly>true</readonly>
         <executable>true</executable>
         <run_address>0x188ec</run_address>
         <size>0x6c</size>
         <alignment>0x4</alignment>
         <input_file_ref idref="fl-47"/>
      </object_component>
      <object_component id="oc-2e6">
         <name>.text.getdevice</name>
         <load_address>0x18958</load_address>
         <readonly>true</readonly>
         <executable>true</executable>
         <run_address>0x18958</run_address>
         <size>0x68</size>
         <alignment>0x4</alignment>
         <input_file_ref idref="fl-d6"/>
      </object_component>
      <object_component id="oc-7c">
         <name>.text._ZN8SlidePot10ADC_InDualEPjS0_</name>
         <load_address>0x189c0</load_address>
         <readonly>true</readonly>
         <executable>true</executable>
         <run_address>0x189c0</run_address>
         <size>0x64</size>
         <alignment>0x4</alignment>
         <input_file_ref idref="fl-8"/>
      </object_component>
      <object_component id="oc-81">
         <name>.text._ZN8SlidePot11ADC0_InDualEPjS0_</name>
         <load_address>0x18a24</load_address>
         <readonly>true</readonly>
         <executable>true</executable>
         <run_address>0x18a24</run_address>
         <size>0x64</size>
         <alignment>0x4</alignment>
         <input_file_ref idref="fl-8"/>
      </object_component>
      <object_component id="oc-1e0">
         <name>.text.__TI_wrt_ok</name>
         <load_address>0x18a88</load_address>
         <readonly>true</readonly>
         <executable>true</executable>
         <run_address>0x18a88</run_address>
         <size>0x64</size>
         <alignment>0x2</alignment>
         <input_file_ref idref="fl-2f"/>
      </object_component>
      <object_component id="oc-2f6">
         <name>.text.split</name>
         <load_address>0x18aec</load_address>
         <readonly>true</readonly>
         <executable>true</executable>
         <run_address>0x18aec</run_address>
         <size>0x64</size>
         <alignment>0x4</alignment>
         <input_file_ref idref="fl-3c"/>
      </object_component>
      <object_component id="oc-273">
         <name>.text.HOSTopen</name>
         <load_address>0x18b50</load_address>
         <readonly>true</readonly>
         <executable>true</executable>
         <run_address>0x18b50</run_address>
         <size>0x60</size>
         <alignment>0x4</alignment>
         <input_file_ref idref="fl-bc"/>
      </object_component>
      <object_component id="oc-89">
         <name>.text.printf</name>
         <load_address>0x18bb0</load_address>
         <readonly>true</readonly>
         <executable>true</executable>
         <run_address>0x18bb0</run_address>
         <size>0x5c</size>
         <alignment>0x4</alignment>
         <input_file_ref idref="fl-2a"/>
      </object_component>
      <object_component id="oc-27b">
         <name>.text.HOSTread</name>
         <load_address>0x18c0c</load_address>
         <readonly>true</readonly>
         <executable>true</executable>
         <run_address>0x18c0c</run_address>
         <size>0x58</size>
         <alignment>0x4</alignment>
         <input_file_ref idref="fl-bd"/>
      </object_component>
      <object_component id="oc-27f">
         <name>.text.HOSTwrite</name>
         <load_address>0x18c64</load_address>
         <readonly>true</readonly>
         <executable>true</executable>
         <run_address>0x18c64</run_address>
         <size>0x58</size>
         <alignment>0x4</alignment>
         <input_file_ref idref="fl-c0"/>
      </object_component>
      <object_component id="oc-128">
         <name>.text:__TI_auto_init_nobinit</name>
         <load_address>0x18cbc</load_address>
         <readonly>true</readonly>
         <executable>true</executable>
         <run_address>0x18cbc</run_address>
         <size>0x54</size>
         <alignment>0x4</alignment>
         <input_file_ref idref="fl-4a"/>
      </object_component>
      <object_component id="oc-1ea">
         <name>.text.__TI_doflush</name>
         <load_address>0x18d10</load_address>
         <readonly>true</readonly>
         <executable>true</executable>
         <run_address>0x18d10</run_address>
         <size>0x52</size>
         <alignment>0x2</alignment>
         <input_file_ref idref="fl-46"/>
      </object_component>
      <object_component id="oc-299">
         <name>.text.close</name>
         <load_address>0x18d64</load_address>
         <readonly>true</readonly>
         <executable>true</executable>
         <run_address>0x18d64</run_address>
         <size>0x50</size>
         <alignment>0x4</alignment>
         <input_file_ref idref="fl-b7"/>
      </object_component>
      <object_component id="oc-38">
         <name>.text.SysTick_Handler</name>
         <load_address>0x18db4</load_address>
         <readonly>true</readonly>
         <executable>true</executable>
         <run_address>0x18db4</run_address>
         <size>0x4c</size>
         <alignment>0x4</alignment>
         <input_file_ref idref="fl-a"/>
      </object_component>
      <object_component id="oc-277">
         <name>.text.HOSTclose</name>
         <load_address>0x18e00</load_address>
         <readonly>true</readonly>
         <executable>true</executable>
         <run_address>0x18e00</run_address>
         <size>0x48</size>
         <alignment>0x4</alignment>
         <input_file_ref idref="fl-ba"/>
      </object_component>
      <object_component id="oc-287">
         <name>.text.HOSTunlink</name>
         <load_address>0x18e48</load_address>
         <readonly>true</readonly>
         <executable>true</executable>
         <run_address>0x18e48</run_address>
         <size>0x48</size>
         <alignment>0x4</alignment>
         <input_file_ref idref="fl-bf"/>
      </object_component>
      <object_component id="oc-eb">
         <name>.text._Z11Switch_Initv</name>
         <load_address>0x18e90</load_address>
         <readonly>true</readonly>
         <executable>true</executable>
         <run_address>0x18e90</run_address>
         <size>0x48</size>
         <alignment>0x4</alignment>
         <input_file_ref idref="fl-b"/>
      </object_component>
      <object_component id="oc-1b9">
         <name>.text._Z14SPI_OutCommandc</name>
         <load_address>0x18ed8</load_address>
         <readonly>true</readonly>
         <executable>true</executable>
         <run_address>0x18ed8</run_address>
         <size>0x48</size>
         <alignment>0x4</alignment>
         <input_file_ref idref="fl-6"/>
      </object_component>
      <object_component id="oc-188">
         <name>.text._Z14SysTick_IntArmjj</name>
         <load_address>0x18f20</load_address>
         <readonly>true</readonly>
         <executable>true</executable>
         <run_address>0x18f20</run_address>
         <size>0x44</size>
         <alignment>0x4</alignment>
         <input_file_ref idref="fl-a"/>
      </object_component>
      <object_component id="oc-10c">
         <name>.text.__fixunsdfsi</name>
         <load_address>0x18f64</load_address>
         <readonly>true</readonly>
         <executable>true</executable>
         <run_address>0x18f64</run_address>
         <size>0x42</size>
         <alignment>0x4</alignment>
         <input_file_ref idref="fl-c7"/>
      </object_component>
      <object_component id="oc-3d">
         <name>.text.TIMG7_IRQHandler</name>
         <load_address>0x18fa8</load_address>
         <readonly>true</readonly>
         <executable>true</executable>
         <run_address>0x18fa8</run_address>
         <size>0x40</size>
         <alignment>0x4</alignment>
         <input_file_ref idref="fl-c"/>
      </object_component>
      <object_component id="oc-2c7">
         <name>.text._Z9SPI_Resetv</name>
         <load_address>0x18fe8</load_address>
         <readonly>true</readonly>
         <executable>true</executable>
         <run_address>0x18fe8</run_address>
         <size>0x40</size>
         <alignment>0x4</alignment>
         <input_file_ref idref="fl-6"/>
      </object_component>
      <object_component id="oc-f9">
         <name>.text.__aeabi_uidivmod</name>
         <load_address>0x19028</load_address>
         <readonly>true</readonly>
         <executable>true</executable>
         <run_address>0x19028</run_address>
         <size>0x40</size>
         <alignment>0x4</alignment>
         <input_file_ref idref="fl-d0"/>
      </object_component>
      <object_component id="oc-20c">
         <name>.text._search_fp</name>
         <load_address>0x19068</load_address>
         <readonly>true</readonly>
         <executable>true</executable>
         <run_address>0x19068</run_address>
         <size>0x40</size>
         <alignment>0x4</alignment>
         <input_file_ref idref="fl-2c"/>
      </object_component>
      <object_component id="oc-221">
         <name>.text.__muldsi3</name>
         <load_address>0x190a8</load_address>
         <readonly>true</readonly>
         <executable>true</executable>
         <run_address>0x190a8</run_address>
         <size>0x3a</size>
         <alignment>0x4</alignment>
         <input_file_ref idref="fl-c4"/>
      </object_component>
      <object_component id="oc-13b">
         <name>.text._Z11SPI_OutDatac</name>
         <load_address>0x190e4</load_address>
         <readonly>true</readonly>
         <executable>true</executable>
         <run_address>0x190e4</run_address>
         <size>0x38</size>
         <alignment>0x4</alignment>
         <input_file_ref idref="fl-6"/>
      </object_component>
      <object_component id="oc-169">
         <name>.text._Z15ActivatePortA_Bv</name>
         <load_address>0x1911c</load_address>
         <readonly>true</readonly>
         <executable>true</executable>
         <run_address>0x1911c</run_address>
         <size>0x38</size>
         <alignment>0x4</alignment>
         <input_file_ref idref="fl-5"/>
      </object_component>
      <object_component id="oc-187">
         <name>.text._Z9DAC5_Initv</name>
         <load_address>0x19154</load_address>
         <readonly>true</readonly>
         <executable>true</executable>
         <run_address>0x19154</run_address>
         <size>0x38</size>
         <alignment>0x4</alignment>
         <input_file_ref idref="fl-2"/>
      </object_component>
      <object_component id="oc-200">
         <name>.text.finddevice</name>
         <load_address>0x1918c</load_address>
         <readonly>true</readonly>
         <executable>true</executable>
         <run_address>0x1918c</run_address>
         <size>0x38</size>
         <alignment>0x4</alignment>
         <input_file_ref idref="fl-d6"/>
      </object_component>
      <object_component id="oc-17f">
         <name>.text._Z12ST7735_writeiPKcj</name>
         <load_address>0x191c4</load_address>
         <readonly>true</readonly>
         <executable>true</executable>
         <run_address>0x191c4</run_address>
         <size>0x34</size>
         <alignment>0x2</alignment>
         <input_file_ref idref="fl-7"/>
      </object_component>
      <object_component id="oc-270">
         <name>.text._Z14Clock_Delay1msj</name>
         <load_address>0x191f8</load_address>
         <readonly>true</readonly>
         <executable>true</executable>
         <run_address>0x191f8</run_address>
         <size>0x34</size>
         <alignment>0x4</alignment>
         <input_file_ref idref="fl-1"/>
      </object_component>
      <object_component id="oc-88">
         <name>.text._Z16ST7735_SetCursorjj</name>
         <load_address>0x1922c</load_address>
         <readonly>true</readonly>
         <executable>true</executable>
         <run_address>0x1922c</run_address>
         <size>0x34</size>
         <alignment>0x4</alignment>
         <input_file_ref idref="fl-7"/>
      </object_component>
      <object_component id="oc-219">
         <name>.text.__TI_cleanup</name>
         <load_address>0x19260</load_address>
         <readonly>true</readonly>
         <executable>true</executable>
         <run_address>0x19260</run_address>
         <size>0x34</size>
         <alignment>0x4</alignment>
         <input_file_ref idref="fl-2c"/>
      </object_component>
      <object_component id="oc-2ce">
         <name>.text.__TI_readmsg</name>
         <load_address>0x19294</load_address>
         <readonly>true</readonly>
         <executable>true</executable>
         <run_address>0x19294</run_address>
         <size>0x34</size>
         <alignment>0x4</alignment>
         <input_file_ref idref="fl-c1"/>
      </object_component>
      <object_component id="oc-2c8">
         <name>.text.__TI_writemsg</name>
         <load_address>0x192c8</load_address>
         <readonly>true</readonly>
         <executable>true</executable>
         <run_address>0x192c8</run_address>
         <size>0x34</size>
         <alignment>0x4</alignment>
         <input_file_ref idref="fl-c1"/>
      </object_component>
      <object_component id="oc-120">
         <name>.text.exit</name>
         <load_address>0x192fc</load_address>
         <readonly>true</readonly>
         <executable>true</executable>
         <run_address>0x192fc</run_address>
         <size>0x34</size>
         <alignment>0x4</alignment>
         <input_file_ref idref="fl-35"/>
      </object_component>
      <object_component id="oc-177">
         <name>.text.freopen</name>
         <load_address>0x19330</load_address>
         <readonly>true</readonly>
         <executable>true</executable>
         <run_address>0x19330</run_address>
         <size>0x34</size>
         <alignment>0x4</alignment>
         <input_file_ref idref="fl-2c"/>
      </object_component>
      <object_component id="oc-f6">
         <name>.text._Z15ST7735_Color565hhh</name>
         <load_address>0x19364</load_address>
         <readonly>true</readonly>
         <executable>true</executable>
         <run_address>0x19364</run_address>
         <size>0x32</size>
         <alignment>0x2</alignment>
         <input_file_ref idref="fl-7"/>
      </object_component>
      <object_component id="oc-1f8">
         <name>.text._ZL10commonInitPKh</name>
         <load_address>0x19398</load_address>
         <readonly>true</readonly>
         <executable>true</executable>
         <run_address>0x19398</run_address>
         <size>0x30</size>
         <alignment>0x4</alignment>
         <input_file_ref idref="fl-7"/>
      </object_component>
      <object_component id="oc-171">
         <name>.text.fopen</name>
         <load_address>0x193c8</load_address>
         <readonly>true</readonly>
         <executable>true</executable>
         <run_address>0x193c8</run_address>
         <size>0x30</size>
         <alignment>0x4</alignment>
         <input_file_ref idref="fl-2c"/>
      </object_component>
      <object_component id="oc-83">
         <name>.text._Z17ST7735_FillScreent</name>
         <load_address>0x193f8</load_address>
         <readonly>true</readonly>
         <executable>true</executable>
         <run_address>0x193f8</run_address>
         <size>0x2c</size>
         <alignment>0x4</alignment>
         <input_file_ref idref="fl-7"/>
      </object_component>
      <object_component id="oc-104">
         <name>.text.__floatsidf</name>
         <load_address>0x19424</load_address>
         <readonly>true</readonly>
         <executable>true</executable>
         <run_address>0x19424</run_address>
         <size>0x2c</size>
         <alignment>0x4</alignment>
         <input_file_ref idref="fl-c8"/>
      </object_component>
      <object_component id="oc-2ee">
         <name>.text.unlink</name>
         <load_address>0x19450</load_address>
         <readonly>true</readonly>
         <executable>true</executable>
         <run_address>0x19450</run_address>
         <size>0x2c</size>
         <alignment>0x4</alignment>
         <input_file_ref idref="fl-b9"/>
      </object_component>
      <object_component id="oc-2a6">
         <name>.text.free_list_insert</name>
         <load_address>0x1947c</load_address>
         <readonly>true</readonly>
         <executable>true</executable>
         <run_address>0x1947c</run_address>
         <size>0x28</size>
         <alignment>0x4</alignment>
         <input_file_ref idref="fl-3c"/>
      </object_component>
      <object_component id="oc-2fc">
         <name>.text.lseek</name>
         <load_address>0x194a4</load_address>
         <readonly>true</readonly>
         <executable>true</executable>
         <run_address>0x194a4</run_address>
         <size>0x28</size>
         <alignment>0x4</alignment>
         <input_file_ref idref="fl-b6"/>
      </object_component>
      <object_component id="oc-1e6">
         <name>.text.write</name>
         <load_address>0x194cc</load_address>
         <readonly>true</readonly>
         <executable>true</executable>
         <run_address>0x194cc</run_address>
         <size>0x28</size>
         <alignment>0x4</alignment>
         <input_file_ref idref="fl-b2"/>
      </object_component>
      <object_component id="oc-62">
         <name>.text:_c_int00_noargs</name>
         <load_address>0x194f4</load_address>
         <readonly>true</readonly>
         <executable>true</executable>
         <run_address>0x194f4</run_address>
         <size>0x28</size>
         <alignment>0x4</alignment>
         <input_file_ref idref="fl-41"/>
      </object_component>
      <object_component id="oc-1c0">
         <name>.text.memccpy</name>
         <load_address>0x1951c</load_address>
         <readonly>true</readonly>
         <executable>true</executable>
         <run_address>0x1951c</run_address>
         <size>0x22</size>
         <alignment>0x2</alignment>
         <input_file_ref idref="fl-3b"/>
      </object_component>
      <object_component id="oc-6f">
         <name>.text._Z8DAC5_Outj</name>
         <load_address>0x19540</load_address>
         <readonly>true</readonly>
         <executable>true</executable>
         <run_address>0x19540</run_address>
         <size>0x20</size>
         <alignment>0x4</alignment>
         <input_file_ref idref="fl-2"/>
      </object_component>
      <object_component id="oc-f7">
         <name>.text._ZN8SlidePot4SyncEv</name>
         <load_address>0x19560</load_address>
         <readonly>true</readonly>
         <executable>true</executable>
         <run_address>0x19560</run_address>
         <size>0x20</size>
         <alignment>0x2</alignment>
         <input_file_ref idref="fl-8"/>
      </object_component>
      <object_component id="oc-306">
         <name>.text._ZL9pushColort</name>
         <load_address>0x19580</load_address>
         <readonly>true</readonly>
         <executable>true</executable>
         <run_address>0x19580</run_address>
         <size>0x1e</size>
         <alignment>0x2</alignment>
         <input_file_ref idref="fl-7"/>
      </object_component>
      <object_component id="oc-2a4">
         <name>.text.free_list_remove</name>
         <load_address>0x195a0</load_address>
         <readonly>true</readonly>
         <executable>true</executable>
         <run_address>0x195a0</run_address>
         <size>0x1c</size>
         <alignment>0x4</alignment>
         <input_file_ref idref="fl-3c"/>
      </object_component>
      <object_component id="oc-c6">
         <name>.text._Z10Sound_Kickv</name>
         <load_address>0x195bc</load_address>
         <readonly>true</readonly>
         <executable>true</executable>
         <run_address>0x195bc</run_address>
         <size>0x18</size>
         <alignment>0x4</alignment>
         <input_file_ref idref="fl-a"/>
      </object_component>
      <object_component id="oc-c7">
         <name>.text._Z11Sound_Punchv</name>
         <load_address>0x195d4</load_address>
         <readonly>true</readonly>
         <executable>true</executable>
         <run_address>0x195d4</run_address>
         <size>0x18</size>
         <alignment>0x4</alignment>
         <input_file_ref idref="fl-a"/>
      </object_component>
      <object_component id="oc-182">
         <name>.text._Z11ST7735_openPKcji</name>
         <load_address>0x195ec</load_address>
         <readonly>true</readonly>
         <executable>true</executable>
         <run_address>0x195ec</run_address>
         <size>0x16</size>
         <alignment>0x2</alignment>
         <input_file_ref idref="fl-7"/>
      </object_component>
      <object_component id="oc-180">
         <name>.text._Z11ST7735_readiPcj</name>
         <load_address>0x19602</load_address>
         <readonly>true</readonly>
         <executable>true</executable>
         <run_address>0x19602</run_address>
         <size>0x16</size>
         <alignment>0x2</alignment>
         <input_file_ref idref="fl-7"/>
      </object_component>
      <object_component id="oc-f8">
         <name>.text._ZN8SlidePot7ConvertEj</name>
         <load_address>0x19618</load_address>
         <readonly>true</readonly>
         <executable>true</executable>
         <run_address>0x19618</run_address>
         <size>0x16</size>
         <alignment>0x2</alignment>
         <input_file_ref idref="fl-8"/>
      </object_component>
      <object_component id="oc-134">
         <name>.text._ZN8SlidePotC2Ejj</name>
         <load_address>0x1962e</load_address>
         <readonly>true</readonly>
         <executable>true</executable>
         <run_address>0x1962e</run_address>
         <size>0x16</size>
         <alignment>0x2</alignment>
         <input_file_ref idref="fl-8"/>
      </object_component>
      <object_component id="oc-59">
         <name>.text:decompress:ZI:__TI_zero_init_nomemset</name>
         <load_address>0x19644</load_address>
         <readonly>true</readonly>
         <executable>true</executable>
         <run_address>0x19644</run_address>
         <size>0x16</size>
         <alignment>0x2</alignment>
         <input_file_ref idref="fl-3e"/>
      </object_component>
      <object_component id="oc-bc">
         <name>.text.__cxx_global_var_init.1</name>
         <load_address>0x1965c</load_address>
         <readonly>true</readonly>
         <executable>true</executable>
         <run_address>0x1965c</run_address>
         <size>0x14</size>
         <alignment>0x4</alignment>
         <input_file_ref idref="fl-4"/>
      </object_component>
      <object_component id="oc-bb">
         <name>.text.__cxx_global_var_init</name>
         <load_address>0x19670</load_address>
         <readonly>true</readonly>
         <executable>true</executable>
         <run_address>0x19670</run_address>
         <size>0x14</size>
         <alignment>0x4</alignment>
         <input_file_ref idref="fl-4"/>
      </object_component>
      <object_component id="oc-2e2">
         <name>.text.strcpy</name>
         <load_address>0x19684</load_address>
         <readonly>true</readonly>
         <executable>true</executable>
         <run_address>0x19684</run_address>
         <size>0x12</size>
         <alignment>0x2</alignment>
         <input_file_ref idref="fl-be"/>
      </object_component>
      <object_component id="oc-da">
         <name>.text:TI_memcpy_small</name>
         <load_address>0x19696</load_address>
         <readonly>true</readonly>
         <executable>true</executable>
         <run_address>0x19696</run_address>
         <size>0x12</size>
         <alignment>0x1</alignment>
         <input_file_ref idref="fl-d7"/>
      </object_component>
      <object_component id="oc-20">
         <name>.text:decompress:none</name>
         <load_address>0x196a8</load_address>
         <readonly>true</readonly>
         <executable>true</executable>
         <run_address>0x196a8</run_address>
         <size>0x12</size>
         <alignment>0x2</alignment>
         <input_file_ref idref="fl-3f"/>
      </object_component>
      <object_component id="oc-ec">
         <name>.text._Z10Sound_Initv</name>
         <load_address>0x196ba</load_address>
         <readonly>true</readonly>
         <executable>true</executable>
         <run_address>0x196ba</run_address>
         <size>0x10</size>
         <alignment>0x2</alignment>
         <input_file_ref idref="fl-a"/>
      </object_component>
      <object_component id="oc-189">
         <name>.text._Z11Clock_Delayj</name>
         <load_address>0x196ca</load_address>
         <readonly>true</readonly>
         <executable>true</executable>
         <run_address>0x196ca</run_address>
         <size>0x10</size>
         <alignment>0x2</alignment>
         <input_file_ref idref="fl-1"/>
      </object_component>
      <object_component id="oc-2a5">
         <name>.text.OUTLINED_FUNCTION_0</name>
         <load_address>0x196da</load_address>
         <readonly>true</readonly>
         <executable>true</executable>
         <run_address>0x196da</run_address>
         <size>0xe</size>
         <alignment>0x2</alignment>
         <input_file_ref idref="fl-3c"/>
      </object_component>
      <object_component id="oc-17e">
         <name>.text._Z12ST7735_lseekili</name>
         <load_address>0x196e8</load_address>
         <readonly>true</readonly>
         <executable>true</executable>
         <run_address>0x196e8</run_address>
         <size>0xe</size>
         <alignment>0x2</alignment>
         <input_file_ref idref="fl-7"/>
      </object_component>
      <object_component id="oc-1bf">
         <name>.text.__aeabi_memset</name>
         <load_address>0x196f8</load_address>
         <readonly>true</readonly>
         <executable>true</executable>
         <run_address>0x196f8</run_address>
         <size>0xe</size>
         <alignment>0x4</alignment>
         <input_file_ref idref="fl-cf"/>
      </object_component>
      <object_component id="oc-1be">
         <name>.text.strlen</name>
         <load_address>0x19706</load_address>
         <readonly>true</readonly>
         <executable>true</executable>
         <run_address>0x19706</run_address>
         <size>0xe</size>
         <alignment>0x2</alignment>
         <input_file_ref idref="fl-2b"/>
      </object_component>
      <object_component id="oc-2e3">
         <name>.text.strlen</name>
         <load_address>0x19714</load_address>
         <readonly>true</readonly>
         <executable>true</executable>
         <run_address>0x19714</run_address>
         <size>0xe</size>
         <alignment>0x2</alignment>
         <input_file_ref idref="fl-be"/>
      </object_component>
      <object_component id="oc-15e">
         <name>.text:TI_memset_small</name>
         <load_address>0x19722</load_address>
         <readonly>true</readonly>
         <executable>true</executable>
         <run_address>0x19722</run_address>
         <size>0xe</size>
         <alignment>0x1</alignment>
         <input_file_ref idref="fl-d8"/>
      </object_component>
      <object_component id="oc-69">
         <name>.text._GLOBAL__sub_I_Lab9HMain.cpp</name>
         <load_address>0x19730</load_address>
         <readonly>true</readonly>
         <executable>true</executable>
         <run_address>0x19730</run_address>
         <size>0xc</size>
         <alignment>0x2</alignment>
         <input_file_ref idref="fl-4"/>
      </object_component>
      <object_component id="oc-2c6">
         <name>.text._Z10Clock_Freqv</name>
         <load_address>0x1973c</load_address>
         <readonly>true</readonly>
         <executable>true</executable>
         <run_address>0x1973c</run_address>
         <size>0xc</size>
         <alignment>0x4</alignment>
         <input_file_ref idref="fl-1"/>
      </object_component>
      <object_component id="oc-17c">
         <name>.text._Z13ST7735_renamePKcS0_</name>
         <load_address>0x19748</load_address>
         <readonly>true</readonly>
         <executable>true</executable>
         <run_address>0x19748</run_address>
         <size>0xc</size>
         <alignment>0x2</alignment>
         <input_file_ref idref="fl-7"/>
      </object_component>
      <object_component id="oc-a7">
         <name>.text.__aeabi_memclr</name>
         <load_address>0x19754</load_address>
         <readonly>true</readonly>
         <executable>true</executable>
         <run_address>0x19754</run_address>
         <size>0xc</size>
         <alignment>0x4</alignment>
         <input_file_ref idref="fl-cf"/>
      </object_component>
      <object_component id="oc-218">
         <name>.text.malloc</name>
         <load_address>0x19760</load_address>
         <readonly>true</readonly>
         <executable>true</executable>
         <run_address>0x19760</run_address>
         <size>0xc</size>
         <alignment>0x2</alignment>
         <input_file_ref idref="fl-3c"/>
      </object_component>
      <object_component id="oc-183">
         <name>.text._Z12ST7735_closei</name>
         <load_address>0x1976c</load_address>
         <readonly>true</readonly>
         <executable>true</executable>
         <run_address>0x1976c</run_address>
         <size>0xa</size>
         <alignment>0x2</alignment>
         <input_file_ref idref="fl-7"/>
      </object_component>
      <object_component id="oc-17d">
         <name>.text._Z13ST7735_unlinkPKc</name>
         <load_address>0x19776</load_address>
         <readonly>true</readonly>
         <executable>true</executable>
         <run_address>0x19776</run_address>
         <size>0xa</size>
         <alignment>0x2</alignment>
         <input_file_ref idref="fl-7"/>
      </object_component>
      <object_component id="oc-e4">
         <name>.text._Z8PLL_Initv</name>
         <load_address>0x19780</load_address>
         <readonly>true</readonly>
         <executable>true</executable>
         <run_address>0x19780</run_address>
         <size>0xa</size>
         <alignment>0x2</alignment>
         <input_file_ref idref="fl-4"/>
      </object_component>
      <object_component id="oc-1a3">
         <name>.text.__aeabi_errno_addr</name>
         <load_address>0x1978c</load_address>
         <readonly>true</readonly>
         <executable>true</executable>
         <run_address>0x1978c</run_address>
         <size>0x8</size>
         <alignment>0x4</alignment>
         <input_file_ref idref="fl-34"/>
      </object_component>
      <object_component id="oc-52">
         <name>.text.__aeabi_memcpy</name>
         <load_address>0x19794</load_address>
         <readonly>true</readonly>
         <executable>true</executable>
         <run_address>0x19794</run_address>
         <size>0x8</size>
         <alignment>0x4</alignment>
         <input_file_ref idref="fl-ce"/>
      </object_component>
      <object_component id="oc-d6">
         <name>.text._outc</name>
         <load_address>0x1979c</load_address>
         <readonly>true</readonly>
         <executable>true</executable>
         <run_address>0x1979c</run_address>
         <size>0x8</size>
         <alignment>0x2</alignment>
         <input_file_ref idref="fl-2a"/>
      </object_component>
      <object_component id="oc-d5">
         <name>.text._outs</name>
         <load_address>0x197a4</load_address>
         <readonly>true</readonly>
         <executable>true</executable>
         <run_address>0x197a4</run_address>
         <size>0x8</size>
         <alignment>0x2</alignment>
         <input_file_ref idref="fl-2a"/>
      </object_component>
      <object_component id="oc-261">
         <name>.text.fseek</name>
         <load_address>0x197ac</load_address>
         <readonly>true</readonly>
         <executable>true</executable>
         <run_address>0x197ac</run_address>
         <size>0x8</size>
         <alignment>0x2</alignment>
         <input_file_ref idref="fl-47"/>
      </object_component>
      <object_component id="oc-29d">
         <name>.text.remove</name>
         <load_address>0x197b4</load_address>
         <readonly>true</readonly>
         <executable>true</executable>
         <run_address>0x197b4</run_address>
         <size>0x8</size>
         <alignment>0x2</alignment>
         <input_file_ref idref="fl-b4"/>
      </object_component>
      <object_component id="oc-36">
         <name>.text.Default_Handler</name>
         <load_address>0x197bc</load_address>
         <readonly>true</readonly>
         <executable>true</executable>
         <run_address>0x197bc</run_address>
         <size>0x4</size>
         <alignment>0x2</alignment>
         <input_file_ref idref="fl-f"/>
      </object_component>
      <object_component id="oc-37">
         <name>.text.HardFault_Handler</name>
         <load_address>0x197c0</load_address>
         <readonly>true</readonly>
         <executable>true</executable>
         <run_address>0x197c0</run_address>
         <size>0x4</size>
         <alignment>0x2</alignment>
         <input_file_ref idref="fl-f"/>
      </object_component>
      <object_component id="oc-32">
         <name>.text.Reset_Handler</name>
         <load_address>0x197c4</load_address>
         <readonly>true</readonly>
         <executable>true</executable>
         <run_address>0x197c4</run_address>
         <size>0x4</size>
         <alignment>0x2</alignment>
         <input_file_ref idref="fl-f"/>
      </object_component>
      <object_component id="oc-ac">
         <name>.text._system_pre_init</name>
         <load_address>0x197c8</load_address>
         <readonly>true</readonly>
         <executable>true</executable>
         <run_address>0x197c8</run_address>
         <size>0x4</size>
         <alignment>0x2</alignment>
         <input_file_ref idref="fl-4b"/>
      </object_component>
      <object_component id="oc-11b">
         <name>.text:abort</name>
         <load_address>0x197cc</load_address>
         <readonly>true</readonly>
         <executable>true</executable>
         <run_address>0x197cc</run_address>
         <size>0x4</size>
         <alignment>0x2</alignment>
         <input_file_ref idref="fl-35"/>
      </object_component>
      <object_component id="oc-34d">
         <name>.cinit..data.load</name>
         <load_address>0x197d8</load_address>
         <readonly>true</readonly>
         <run_address>0x197d8</run_address>
         <size>0x1356</size>
         <alignment>0x1</alignment>
      </object_component>
      <object_component id="oc-34b">
         <name>__TI_handler_table</name>
         <load_address>0x1ab30</load_address>
         <readonly>true</readonly>
         <run_address>0x1ab30</run_address>
         <size>0xc</size>
         <alignment>0x4</alignment>
      </object_component>
      <object_component id="oc-34e">
         <name>.cinit..bss.load</name>
         <load_address>0x1ab3c</load_address>
         <readonly>true</readonly>
         <run_address>0x1ab3c</run_address>
         <size>0x8</size>
         <alignment>0x4</alignment>
      </object_component>
      <object_component id="oc-34c">
         <name>__TI_cinit_table</name>
         <load_address>0x1ab44</load_address>
         <readonly>true</readonly>
         <run_address>0x1ab44</run_address>
         <size>0x10</size>
         <alignment>0x4</alignment>
      </object_component>
      <object_component id="oc-18e">
         <name>.rodata._ZL19englishplayerselect</name>
         <load_address>0xc0</load_address>
         <readonly>true</readonly>
         <run_address>0xc0</run_address>
         <size>0xa000</size>
         <alignment>0x2</alignment>
         <input_file_ref idref="fl-4"/>
      </object_component>
      <object_component id="oc-18c">
         <name>.rodata._ZL5start</name>
         <load_address>0xa0c0</load_address>
         <readonly>true</readonly>
         <run_address>0xa0c0</run_address>
         <size>0xa000</size>
         <alignment>0x2</alignment>
         <input_file_ref idref="fl-4"/>
      </object_component>
      <object_component id="oc-119">
         <name>.rodata._ZL7players</name>
         <load_address>0x140c0</load_address>
         <readonly>true</readonly>
         <run_address>0x140c0</run_address>
         <size>0xa00</size>
         <alignment>0x2</alignment>
         <input_file_ref idref="fl-4"/>
      </object_component>
      <object_component id="oc-18f">
         <name>.rodata._ZL7spanish</name>
         <load_address>0x14ac0</load_address>
         <readonly>true</readonly>
         <run_address>0x14ac0</run_address>
         <size>0x798</size>
         <alignment>0x2</alignment>
         <input_file_ref idref="fl-4"/>
      </object_component>
      <object_component id="oc-2f9">
         <name>.rodata._ZL4Font</name>
         <load_address>0x15258</load_address>
         <readonly>true</readonly>
         <run_address>0x15258</run_address>
         <size>0x4fb</size>
         <alignment>0x1</alignment>
         <input_file_ref idref="fl-7"/>
      </object_component>
      <object_component id="oc-1fa">
         <name>.rodata._ZL5Rcmd1</name>
         <load_address>0x15753</load_address>
         <readonly>true</readonly>
         <run_address>0x15753</run_address>
         <size>0x3b</size>
         <alignment>0x1</alignment>
         <input_file_ref idref="fl-7"/>
      </object_component>
      <object_component id="oc-1fd">
         <name>.rodata._ZL5Rcmd3</name>
         <load_address>0x1578e</load_address>
         <readonly>true</readonly>
         <run_address>0x1578e</run_address>
         <size>0x2b</size>
         <alignment>0x1</alignment>
         <input_file_ref idref="fl-7"/>
      </object_component>
      <object_component id="oc-2aa">
         <name>.rodata.str1.157940390052272929451</name>
         <load_address>0x157b9</load_address>
         <readonly>true</readonly>
         <run_address>0x157b9</run_address>
         <size>0x16</size>
         <alignment>0x1</alignment>
         <input_file_ref idref="fl-7"/>
      </object_component>
      <object_component id="oc-1c4">
         <name>.rodata.str1.44690500295887128011</name>
         <load_address>0x157cf</load_address>
         <readonly>true</readonly>
         <run_address>0x157cf</run_address>
         <size>0x11</size>
         <alignment>0x1</alignment>
         <input_file_ref idref="fl-2b"/>
      </object_component>
      <object_component id="oc-9c">
         <name>.rodata.str1.39352695870487143871</name>
         <load_address>0x157e0</load_address>
         <readonly>true</readonly>
         <run_address>0x157e0</run_address>
         <size>0xf</size>
         <alignment>0x1</alignment>
         <input_file_ref idref="fl-4"/>
      </object_component>
      <object_component id="oc-1fc">
         <name>.rodata._ZL10Rcmd2green</name>
         <load_address>0x157ef</load_address>
         <readonly>true</readonly>
         <run_address>0x157ef</run_address>
         <size>0xd</size>
         <alignment>0x1</alignment>
         <input_file_ref idref="fl-7"/>
      </object_component>
      <object_component id="oc-1fb">
         <name>.rodata._ZL8Rcmd2red</name>
         <load_address>0x157fc</load_address>
         <readonly>true</readonly>
         <run_address>0x157fc</run_address>
         <size>0xd</size>
         <alignment>0x1</alignment>
         <input_file_ref idref="fl-7"/>
      </object_component>
      <object_component id="oc-9e">
         <name>.rodata.str1.165499299756386676831</name>
         <load_address>0x15809</load_address>
         <readonly>true</readonly>
         <run_address>0x15809</run_address>
         <size>0xd</size>
         <alignment>0x1</alignment>
[...]
         <value>0x197c5</value>
         <object_component_ref idref="oc-32"/>
      </symbol>
      <symbol id="sm-1c4">
         <name>HardFault_Handler</name>
         <value>0x197c1</value>
         <object_component_ref idref="oc-37"/>
      </symbol>
      <symbol id="sm-1c5">
         <name>interruptVectors</name>
         <value>0x0</value>
         <object_component_ref idref="oc-18"/>
      </symbol>
      <symbol id="sm-1c6">
         <name>NMI_Handler</name>
         <value>0x197bd</value>
         <object_component_ref idref="oc-36"/>
      </symbol>
      <symbol id="sm-1c7">
         <name>SVC_Handler</name>
         <value>0x197bd</value>
         <object_component_ref idref="oc-36"/>
      </symbol>
      <symbol id="sm-1c8">
         <name>PendSV_Handler</name>
         <value>0x197bd</value>
         <object_component_ref idref="oc-36"/>
      </symbol>
      <symbol id="sm-1c9">
         <name>GROUP0_IRQHandler</name>
         <value>0x197bd</value>
         <object_component_ref idref="oc-36"/>
      </symbol>
      <symbol id="sm-1ca">
         <name>GROUP1_IRQHandler</name>
         <value>0x197bd</value>
         <object_component_ref idref="oc-36"/>
      </symbol>
      <symbol id="sm-1cb">
         <name>TIMG8_IRQHandler</name>
         <value>0x197bd</value>
         <object_component_ref idref="oc-36"/>
      </symbol>
      <symbol id="sm-1cc">
         <name>UART3_IRQHandler</name>
         <value>0x197bd</value>
         <object_component_ref idref="oc-36"/>
      </symbol>
      <symbol id="sm-1cd">
         <name>ADC0_IRQHandler</name>
         <value>0x197bd</value>
         <object_component_ref idref="oc-36"/>
      </symbol>
      <symbol id="sm-1ce">
         <name>ADC1_IRQHandler</name>
         <value>0x197bd</value>
         <object_component_ref idref="oc-36"/>
      </symbol>
      <symbol id="sm-1cf">
         <name>CANFD0_IRQHandler</name>
         <value>0x197bd</value>
         <object_component_ref idref="oc-36"/>
      </symbol>
      <symbol id="sm-1d0">
         <name>DAC0_IRQHandler</name>
         <value>0x197bd</value>
         <object_component_ref idref="oc-36"/>
      </symbol>
      <symbol id="sm-1d1">
         <name>SPI0_IRQHandler</name>
         <value>0x197bd</value>
         <object_component_ref idref="oc-36"/>
      </symbol>
      <symbol id="sm-1d2">
         <name>SPI1_IRQHandler</name>
         <value>0x197bd</value>
         <object_component_ref idref="oc-36"/>
      </symbol>
      <symbol id="sm-1d3">
         <name>UART1_IRQHandler</name>
         <value>0x197bd</value>
         <object_component_ref idref="oc-36"/>
      </symbol>
      <symbol id="sm-1d4">
         <name>UART2_IRQHandler</name>
         <value>0x197bd</value>
         <object_component_ref idref="oc-36"/>
      </symbol>
      <symbol id="sm-1d5">
         <name>UART0_IRQHandler</name>
         <value>0x197bd</value>
         <object_component_ref idref="oc-36"/>
      </symbol>
      <symbol id="sm-1d6">
         <name>TIMG0_IRQHandler</name>
         <value>0x197bd</value>
         <object_component_ref idref="oc-36"/>
      </symbol>
      <symbol id="sm-1d7">
         <name>TIMG6_IRQHandler</name>
         <value>0x197bd</value>
         <object_component_ref idref="oc-36"/>
      </symbol>
      <symbol id="sm-1d8">
         <name>TIMA0_IRQHandler</name>
         <value>0x197bd</value>
         <object_component_ref idref="oc-36"/>
      </symbol>
      <symbol id="sm-1d9">
         <name>TIMA1_IRQHandler</name>
         <value>0x197bd</value>
         <object_component_ref idref="oc-36"/>
      </symbol>
      <symbol id="sm-1da">
         <name>I2C0_IRQHandler</name>
         <value>0x197bd</value>
         <object_component_ref idref="oc-36"/>
      </symbol>
      <symbol id="sm-1db">
         <name>I2C1_IRQHandler</name>
         <value>0x197bd</value>
         <object_component_ref idref="oc-36"/>
      </symbol>
      <symbol id="sm-1dc">
         <name>AES_IRQHandler</name>
         <value>0x197bd</value>
         <object_component_ref idref="oc-36"/>
      </symbol>
      <symbol id="sm-1dd">
         <name>RTC_IRQHandler</name>
         <value>0x197bd</value>
         <object_component_ref idref="oc-36"/>
      </symbol>
      <symbol id="sm-1de">
         <name>DMA_IRQHandler</name>
         <value>0x197bd</value>
         <object_component_ref idref="oc-36"/>
      </symbol>
      <symbol id="sm-1df">
         <name>__TI_ATRegion0_src_addr</name>
         <value>0x0</value>
      </symbol>
      <symbol id="sm-1e0">
         <name>__TI_ATRegion0_trg_addr</name>
         <value>0x0</value>
      </symbol>
      <symbol id="sm-1e1">
         <name>__TI_ATRegion0_region_sz</name>
         <value>0x0</value>
      </symbol>
      <symbol id="sm-1e2">
         <name>__TI_ATRegion1_src_addr</name>
         <value>0x0</value>
      </symbol>
      <symbol id="sm-1e3">
         <name>__TI_ATRegion1_trg_addr</name>
         <value>0x0</value>
      </symbol>
      <symbol id="sm-1e4">
         <name>__TI_ATRegion1_region_sz</name>
         <value>0x0</value>
      </symbol>
      <symbol id="sm-1e5">
         <name>__TI_ATRegion2_src_addr</name>
         <value>0x0</value>
      </symbol>
      <symbol id="sm-1e6">
         <name>__TI_ATRegion2_trg_addr</name>
         <value>0x0</value>
      </symbol>
      <symbol id="sm-1e7">
         <name>__TI_ATRegion2_region_sz</name>
         <value>0x0</value>
      </symbol>
      <symbol id="sm-1f8">
         <name>printf</name>
         <value>0x18bb1</value>
         <object_component_ref idref="oc-89"/>
      </symbol>
      <symbol id="sm-20e">
         <name>__TI_printfi_minimal</name>
         <value>0x16619</value>
         <object_component_ref idref="oc-140"/>
      </symbol>
      <symbol id="sm-227">
         <name>fopen</name>
         <value>0x193c9</value>
         <object_component_ref idref="oc-171"/>
      </symbol>
      <symbol id="sm-228">
         <name>__TI_cleanup</name>
         <value>0x19261</value>
         <object_component_ref idref="oc-219"/>
      </symbol>
      <symbol id="sm-229">
         <name>freopen</name>
         <value>0x19331</value>
         <object_component_ref idref="oc-177"/>
      </symbol>
      <symbol id="sm-234">
         <name>fputc</name>
         <value>0x18255</value>
         <object_component_ref idref="oc-157"/>
      </symbol>
      <symbol id="sm-23f">
         <name>fputs</name>
         <value>0x17885</value>
         <object_component_ref idref="oc-151"/>
      </symbol>
      <symbol id="sm-249">
         <name>__TI_wrt_ok</name>
         <value>0x18a89</value>
         <object_component_ref idref="oc-1e0"/>
      </symbol>
      <symbol id="sm-253">
         <name>setvbuf</name>
         <value>0x17d3d</value>
         <object_component_ref idref="oc-178"/>
      </symbol>
      <symbol id="sm-25d">
         <name>sqrt</name>
         <value>0x17135</value>
         <object_component_ref idref="oc-108"/>
      </symbol>
      <symbol id="sm-25e">
         <name>sqrtl</name>
         <value>0x17135</value>
         <object_component_ref idref="oc-108"/>
      </symbol>
      <symbol id="sm-26b">
         <name>__aeabi_errno_addr</name>
         <value>0x1978d</value>
         <object_component_ref idref="oc-1a3"/>
      </symbol>
      <symbol id="sm-26c">
         <name>__aeabi_errno</name>
         <value>0x2020301c</value>
         <object_component_ref idref="oc-227"/>
      </symbol>
      <symbol id="sm-27a">
         <name>abort</name>
         <value>0x197cd</value>
         <object_component_ref idref="oc-11b"/>
      </symbol>
      <symbol id="sm-27b">
         <name>C$$EXIT</name>
         <value>0x197cc</value>
         <object_component_ref idref="oc-11b"/>
      </symbol>
      <symbol id="sm-27c">
         <name>__TI_cleanup_ptr</name>
         <value>0x20203004</value>
         <object_component_ref idref="oc-1ae"/>
      </symbol>
      <symbol id="sm-27d">
         <name>__TI_dtors_ptr</name>
         <value>0x20203008</value>
         <object_component_ref idref="oc-1ae"/>
      </symbol>
      <symbol id="sm-27e">
         <name>exit</name>
         <value>0x192fd</value>
         <object_component_ref idref="oc-120"/>
      </symbol>
      <symbol id="sm-287">
         <name>_nop</name>
         <value>0x181b7</value>
         <object_component_ref idref="oc-148"/>
      </symbol>
      <symbol id="sm-288">
         <name>_lock</name>
         <value>0x20203020</value>
         <object_component_ref idref="oc-d1"/>
      </symbol>
      <symbol id="sm-289">
         <name>_unlock</name>
         <value>0x20203024</value>
         <object_component_ref idref="oc-d7"/>
      </symbol>
      <symbol id="sm-291">
         <name>_ftable</name>
         <value>0x20202e24</value>
         <object_component_ref idref="oc-d3"/>
      </symbol>
      <symbol id="sm-292">
         <name>__TI_ft_end</name>
         <value>0x20203018</value>
         <object_component_ref idref="oc-294"/>
      </symbol>
      <symbol id="sm-293">
         <name>__TI_tmpnams</name>
         <value>0x20203184</value>
         <object_component_ref idref="oc-2a1"/>
      </symbol>
      <symbol id="sm-29c">
         <name>memccpy</name>
         <value>0x1951d</value>
         <object_component_ref idref="oc-1c0"/>
      </symbol>
      <symbol id="sm-2bf">
         <name>malloc</name>
         <value>0x19761</value>
         <object_component_ref idref="oc-218"/>
      </symbol>
      <symbol id="sm-2c0">
         <name>aligned_alloc</name>
         <value>0x17419</value>
         <object_component_ref idref="oc-2a7"/>
      </symbol>
      <symbol id="sm-2c1">
         <name>free</name>
         <value>0x17b6d</value>
         <object_component_ref idref="oc-216"/>
      </symbol>
      <symbol id="sm-2c2">
         <name>_sys_memory</name>
         <value>0x20203278</value>
         <object_component_ref idref="oc-30"/>
      </symbol>
      <symbol id="sm-2c3">
         <name>memalign</name>
         <value>0x17419</value>
         <object_component_ref idref="oc-2a7"/>
      </symbol>
      <symbol id="sm-2ce">
         <name>__TI_zero_init_nomemset</name>
         <value>0x19645</value>
         <object_component_ref idref="oc-59"/>
      </symbol>
      <symbol id="sm-2d7">
         <name>__TI_decompress_none</name>
         <value>0x196a9</value>
         <object_component_ref idref="oc-20"/>
      </symbol>
      <symbol id="sm-2e2">
         <name>__TI_decompress_lzss</name>
         <value>0x1872d</value>
         <object_component_ref idref="oc-1c"/>
      </symbol>
      <symbol id="sm-2ed">
         <name>_c_int00_noargs</name>
         <value>0x194f5</value>
         <object_component_ref idref="oc-62"/>
      </symbol>
      <symbol id="sm-2ee">
         <name>__stack</name>
         <value>0x20207e00</value>
         <object_component_ref idref="oc-1a"/>
      </symbol>
      <symbol id="sm-2fc">
         <name>__TI_closefile</name>
         <value>0x186b1</value>
         <object_component_ref idref="oc-210"/>
      </symbol>
      <symbol id="sm-306">
         <name>__TI_doflush</name>
         <value>0x18d11</value>
         <object_component_ref idref="oc-1ea"/>
      </symbol>
      <symbol id="sm-313">
         <name>fseek</name>
         <value>0x197ad</value>
         <object_component_ref idref="oc-261"/>
      </symbol>
      <symbol id="sm-314">
         <name>fseeko</name>
         <value>0x188ed</value>
         <object_component_ref idref="oc-2c3"/>
      </symbol>
      <symbol id="sm-320">
         <name>__TI_auto_init_nobinit</name>
         <value>0x18cbd</value>
         <object_component_ref idref="oc-128"/>
      </symbol>
      <symbol id="sm-328">
         <name>_system_pre_init</name>
         <value>0x197c9</value>
         <object_component_ref idref="oc-ac"/>
      </symbol>
      <symbol id="sm-333">
         <name>write</name>
         <value>0x194cd</value>
         <object_component_ref idref="oc-1e6"/>
      </symbol>
      <symbol id="sm-338">
         <name>_device</name>
         <value>0x20202f14</value>
         <object_component_ref idref="oc-207"/>
      </symbol>
      <symbol id="sm-339">
         <name>_stream</name>
         <value>0x20202f8c</value>
         <object_component_ref idref="oc-269"/>
      </symbol>
      <symbol id="sm-342">
         <name>remove</name>
         <value>0x197b5</value>
         <object_component_ref idref="oc-29d"/>
      </symbol>
      <symbol id="sm-34e">
         <name>open</name>
         <value>0x1806d</value>
         <object_component_ref idref="oc-295"/>
      </symbol>
      <symbol id="sm-358">
         <name>lseek</name>
         <value>0x194a5</value>
         <object_component_ref idref="oc-2fc"/>
      </symbol>
      <symbol id="sm-362">
         <name>close</name>
         <value>0x18d65</value>
         <object_component_ref idref="oc-299"/>
      </symbol>
      <symbol id="sm-36e">
         <name>add_device</name>
         <value>0x17a81</value>
         <object_component_ref idref="oc-16d"/>
      </symbol>
      <symbol id="sm-378">
         <name>unlink</name>
         <value>0x19451</value>
         <object_component_ref idref="oc-2ee"/>
      </symbol>
      <symbol id="sm-382">
         <name>HOSTclose</name>
         <value>0x18e01</value>
         <object_component_ref idref="oc-277"/>
      </symbol>
      <symbol id="sm-38c">
         <name>HOSTlseek</name>
         <value>0x18815</value>
         <object_component_ref idref="oc-283"/>
      </symbol>
      <symbol id="sm-396">
         <name>HOSTopen</name>
         <value>0x18b51</value>
         <object_component_ref idref="oc-273"/>
      </symbol>
      <symbol id="sm-397">
         <name>parmbuf</name>
         <value>0x20203224</value>
         <object_component_ref idref="oc-2cf"/>
      </symbol>
      <symbol id="sm-3a1">
         <name>HOSTread</name>
         <value>0x18c0d</value>
         <object_component_ref idref="oc-27b"/>
      </symbol>
      <symbol id="sm-3b2">
         <name>HOSTrename</name>
         <value>0x18881</value>
         <object_component_ref idref="oc-28b"/>
      </symbol>
      <symbol id="sm-3bc">
         <name>HOSTunlink</name>
         <value>0x18e49</value>
         <object_component_ref idref="oc-287"/>
      </symbol>
      <symbol id="sm-3c6">
         <name>HOSTwrite</name>
         <value>0x18c65</value>
         <object_component_ref idref="oc-27f"/>
      </symbol>
      <symbol id="sm-3d4">
         <name>C$$IO$$</name>
         <value>0x192f5</value>
         <object_component_ref idref="oc-2c8"/>
      </symbol>
      <symbol id="sm-3d5">
         <name>__TI_writemsg</name>
         <value>0x192c9</value>
         <object_component_ref idref="oc-2c8"/>
      </symbol>
      <symbol id="sm-3d6">
         <name>__CIOBUF_</name>
         <value>0x20203064</value>
         <object_component_ref idref="oc-300"/>
      </symbol>
      <symbol id="sm-3d7">
         <name>__TI_readmsg</name>
         <value>0x19295</value>
         <object_component_ref idref="oc-2ce"/>
      </symbol>
      <symbol id="sm-3d8">
         <name>_CIOBUF_</name>
         <value>0x20203064</value>
         <object_component_ref idref="oc-300"/>
      </symbol>
      <symbol id="sm-3de">
         <name>__aeabi_dadd</name>
         <value>0x16fab</value>
         <object_component_ref idref="oc-19f"/>
      </symbol>
      <symbol id="sm-3df">
         <name>__adddf3</name>
         <value>0x16fab</value>
         <object_component_ref idref="oc-19f"/>
      </symbol>
      <symbol id="sm-3e0">
         <name>__aeabi_dsub</name>
         <value>0x16fa1</value>
         <object_component_ref idref="oc-19f"/>
      </symbol>
      <symbol id="sm-3e1">
         <name>__subdf3</name>
         <value>0x16fa1</value>
         <object_component_ref idref="oc-19f"/>
      </symbol>
      <symbol id="sm-3e7">
         <name>__aeabi_dmul</name>
         <value>0x17c59</value>
         <object_component_ref idref="oc-19b"/>
      </symbol>
      <symbol id="sm-3e8">
         <name>__muldf3</name>
         <value>0x17c59</value>
         <object_component_ref idref="oc-19b"/>
      </symbol>
      <symbol id="sm-3ee">
         <name>__muldsi3</name>
         <value>0x190a9</value>
         <object_component_ref idref="oc-221"/>
      </symbol>
      <symbol id="sm-3f4">
         <name>__aeabi_d2uiz</name>
         <value>0x18f65</value>
         <object_component_ref idref="oc-10c"/>
      </symbol>
      <symbol id="sm-3f5">
         <name>__fixunsdfsi</name>
         <value>0x18f65</value>
         <object_component_ref idref="oc-10c"/>
      </symbol>
      <symbol id="sm-3fb">
         <name>__aeabi_i2d</name>
         <value>0x19425</value>
         <object_component_ref idref="oc-104"/>
      </symbol>
      <symbol id="sm-3fc">
         <name>__floatsidf</name>
         <value>0x19425</value>
         <object_component_ref idref="oc-104"/>
      </symbol>
      <symbol id="sm-402">
         <name>__aeabi_memcpy</name>
         <value>0x19795</value>
         <object_component_ref idref="oc-52"/>
      </symbol>
      <symbol id="sm-403">
         <name>__aeabi_memcpy4</name>
         <value>0x19795</value>
         <object_component_ref idref="oc-52"/>
      </symbol>
      <symbol id="sm-404">
         <name>__aeabi_memcpy8</name>
         <value>0x19795</value>
         <object_component_ref idref="oc-52"/>
      </symbol>
      <symbol id="sm-40d">
         <name>__aeabi_memset</name>
         <value>0x196f9</value>
         <object_component_ref idref="oc-1bf"/>
      </symbol>
      <symbol id="sm-40e">
         <name>__aeabi_memset4</name>
         <value>0x196f9</value>
         <object_component_ref idref="oc-1bf"/>
      </symbol>
      <symbol id="sm-40f">
         <name>__aeabi_memset8</name>
         <value>0x196f9</value>
         <object_component_ref idref="oc-1bf"/>
      </symbol>
      <symbol id="sm-410">
         <name>__aeabi_memclr</name>
         <value>0x19755</value>
         <object_component_ref idref="oc-a7"/>
      </symbol>
      <symbol id="sm-411">
         <name>__aeabi_memclr4</name>
         <value>0x19755</value>
         <object_component_ref idref="oc-a7"/>
      </symbol>
      <symbol id="sm-412">
         <name>__aeabi_memclr8</name>
         <value>0x19755</value>
         <object_component_ref idref="oc-a7"/>
      </symbol>
      <symbol id="sm-418">
         <name>__aeabi_uidiv</name>
         <value>0x19029</value>
         <object_component_ref idref="oc-f9"/>
      </symbol>
      <symbol id="sm-419">
         <name>__aeabi_uidivmod</name>
         <value>0x19029</value>
         <object_component_ref idref="oc-f9"/>
      </symbol>
      <symbol id="sm-424">
         <name>__aeabi_idiv0</name>
         <value>0x17133</value>
         <object_component_ref idref="oc-194"/>
      </symbol>
      <symbol id="sm-432">
         <name>finddevice</name>
         <value>0x1918d</value>
         <object_component_ref idref="oc-200"/>
      </symbol>
      <symbol id="sm-433">
         <name>getdevice</name>
         <value>0x18959</value>
         <object_component_ref idref="oc-2e6"/>
      </symbol>
      <symbol id="sm-43c">
         <name>TI_memcpy_small</name>
         <value>0x19697</value>
         <object_component_ref idref="oc-da"/>
      </symbol>
      <symbol id="sm-445">
         <name>TI_memset_small</name>
         <value>0x19723</value>
         <object_component_ref idref="oc-15e"/>
      </symbol>
      <symbol id="sm-446">
         <name>__TI_static_base__</name>
         <value>0x0</value>
      </symbol>
      <symbol id="sm-449">
         <name>__mpu_init</name>
         <value>0x0</value>
      </symbol>
      <symbol id="sm-44a">
         <name>_system_post_cinit</name>
         <value>0x0</value>
      </symbol>
   </symbol_table>
   <title>Link successful</title>
</link_info>
